Component: Arm Compiler for Embedded 6.19 Tool: armlink [5e73cb00]

==============================================================================

Section Cross References

    main.o(.text.main) refers to queue.o(.text.xQueueGenericCreate) for xQueueGenericCreate
    main.o(.text.main) refers to main.o(.bss.xQueue1) for xQueue1
    main.o(.text.main) refers to main.o(.bss.xQueue2) for xQueue2
    main.o(.text.main) refers to main.o(.bss.xQueue3) for xQueue3
    main.o(.text.main) refers to main.o(.bss.xQueue4) for xQueue4
    main.o(.text.main) refers to main.o(.bss.xQueue5) for xQueue5
    main.o(.text.main) refers to main.o(.bss.xSemaphore) for xSemaphore
    main.o(.text.main) refers to queue.o(.text.xQueueGenericSend) for xQueueGenericSend
    main.o(.text.main) refers to swc1.o(.text.ModulesInit) for ModulesInit
    main.o(.text.main) refers to main.o(.rodata.str1.1) for .L.str
    main.o(.text.main) refers to tasks.o(.text.xTaskCreate) for xTaskCreate
    main.o(.text.main) refers to swc1.o(.text.SwitchCheck) for SwitchCheck
    main.o(.text.main) refers to swc2.o(.text.Ultrasonic_Read) for Ultrasonic_Read
    main.o(.text.main) refers to swc2.o(.text.LDR_Read) for LDR_Read
    main.o(.text.main) refers to swc2.o(.text.TempSensor_Read) for TempSensor_Read
    main.o(.text.main) refers to swc3.o(.text.Ultrasonic_Update) for Ultrasonic_Update
    main.o(.text.main) refers to main.o(.bss.LDRHandle) for LDRHandle
    main.o(.text.main) refers to swc3.o(.text.LDR_Update) for LDR_Update
    main.o(.text.main) refers to main.o(.bss.TSHandle) for TSHandle
    main.o(.text.main) refers to swc3.o(.text.TS_Update) for TS_Update
    main.o(.text.main) refers to tasks.o(.text.vTaskSuspend) for vTaskSuspend
    main.o(.text.main) refers to main.o(.bss.LCDHandle) for LCDHandle
    main.o(.text.main) refers to swc4.o(.text.LCD_Print) for LCD_Print
    main.o(.text.main) refers to tasks.o(.text.vTaskStartScheduler) for vTaskStartScheduler
    main.o(.ARM.exidx.text.main) refers to main.o(.text.main) for [Anonymous Symbol]
    adc.o(.ARM.exidx.text.ADC_Read) refers to adc.o(.text.ADC_Read) for [Anonymous Symbol]
    adc.o(.text.ADC_Init) refers to dio.o(.text.DIO_Init) for DIO_Init
    adc.o(.text.ADC_Init) refers to adc.o(.text.ADC_sequencer_EN) for ADC_sequencer_EN
    adc.o(.ARM.exidx.text.ADC_Init) refers to adc.o(.text.ADC_Init) for [Anonymous Symbol]
    adc.o(.ARM.exidx.text.ADC_sequencer_EN) refers to adc.o(.text.ADC_sequencer_EN) for [Anonymous Symbol]
    adc.o(.ARM.exidx.text.ADC_Init_TS) refers to adc.o(.text.ADC_Init_TS) for [Anonymous Symbol]
    adc.o(.text.ADC_Read_TS) refers to f2d.o(x$fpl$f2d) for __aeabi_f2d
    adc.o(.text.ADC_Read_TS) refers to dmul.o(x$fpl$dmul) for __aeabi_dmul
    adc.o(.text.ADC_Read_TS) refers to ddiv.o(x$fpl$ddiv) for __aeabi_ddiv
    adc.o(.text.ADC_Read_TS) refers to daddsub_clz.o(x$fpl$dadd) for __aeabi_dadd
    adc.o(.text.ADC_Read_TS) refers to dfix.o(x$fpl$dfix) for __aeabi_d2iz
    adc.o(.ARM.exidx.text.ADC_Read_TS) refers to adc.o(.text.ADC_Read_TS) for [Anonymous Symbol]
    delay.o(.ARM.exidx.text.delay_ms) refers to delay.o(.text.delay_ms) for [Anonymous Symbol]
    delay.o(.ARM.exidx.text.delay_us) refers to delay.o(.text.delay_us) for [Anonymous Symbol]
    dio.o(.text.DIO_Init) refers to dio.o(.rodata.pinCFG) for pinCFG
    dio.o(.ARM.exidx.text.DIO_Init) refers to dio.o(.text.DIO_Init) for [Anonymous Symbol]
    dio.o(.ARM.exidx.text.DIO_WritePort) refers to dio.o(.text.DIO_WritePort) for [Anonymous Symbol]
    dio.o(.ARM.exidx.text.DIO_WritePin) refers to dio.o(.text.DIO_WritePin) for [Anonymous Symbol]
    dio.o(.ARM.exidx.text.DIO_ReadPin) refers to dio.o(.text.DIO_ReadPin) for [Anonymous Symbol]
    dio.o(.ARM.exidx.text.DIO_ReadPort) refers to dio.o(.text.DIO_ReadPort) for [Anonymous Symbol]
    dio.o(.ARM.exidx.text.DIO_WritePinBitBanding) refers to dio.o(.text.DIO_WritePinBitBanding) for [Anonymous Symbol]
    dio.o(.ARM.exidx.text.DIO_ReadPinBitBanding) refers to dio.o(.text.DIO_ReadPinBitBanding) for [Anonymous Symbol]
    dio.o(.ARM.exidx.text.DIO_ChangePinDir) refers to dio.o(.text.DIO_ChangePinDir) for [Anonymous Symbol]
    gptm.o(.ARM.exidx.text.gptm_init) refers to gptm.o(.text.gptm_init) for [Anonymous Symbol]
    gptm.o(.ARM.exidx.text.gptm_deinit) refers to gptm.o(.text.gptm_deinit) for [Anonymous Symbol]
    gptm.o(.ARM.exidx.text.gptm_set_value_ms) refers to gptm.o(.text.gptm_set_value_ms) for [Anonymous Symbol]
    gptm.o(.ARM.exidx.text.gptm_set_value_ticks) refers to gptm.o(.text.gptm_set_value_ticks) for [Anonymous Symbol]
    gptm.o(.ARM.exidx.text.gptm_get_value) refers to gptm.o(.text.gptm_get_value) for [Anonymous Symbol]
    gptm.o(.ARM.exidx.text.gptm_enable) refers to gptm.o(.text.gptm_enable) for [Anonymous Symbol]
    lcd.o(.text.LCD_Cmd) refers to dio.o(.text.DIO_WritePort) for DIO_WritePort
    lcd.o(.text.LCD_Cmd) refers to dio.o(.text.DIO_WritePin) for DIO_WritePin
[...]
    [Anonymous Symbol]                       0x00003878   Section        0  ultrasonic.o(.text.ultarsonic_get_value)
    [Anonymous Symbol]                       0x00003990   Section        0  ultrasonic.o(.text.ultarsonic_init)
    [Anonymous Symbol]                       0x000039a8   Section        0  list.o(.text.uxListRemove)
    [Anonymous Symbol]                       0x000039f0   Section        0  tasks.o(.text.uxTaskGetNumberOfTasks)
    [Anonymous Symbol]                       0x000039fc   Section        0  list.o(.text.vListInitialise)
    [Anonymous Symbol]                       0x00003a2c   Section        0  list.o(.text.vListInitialiseItem)
    [Anonymous Symbol]                       0x00003a3c   Section        0  list.o(.text.vListInsert)
    [Anonymous Symbol]                       0x00003aa8   Section        0  list.o(.text.vListInsertEnd)
    vPortEnableVFP                           0x00003ae5   Thumb Code    20  port.o(.text.vPortEnableVFP)
    [Anonymous Symbol]                       0x00003ae4   Section        0  port.o(.text.vPortEnableVFP)
    [Anonymous Symbol]                       0x00003af8   Section        0  port.o(.text.vPortEnterCritical)
    [Anonymous Symbol]                       0x00003b50   Section        0  port.o(.text.vPortExitCritical)
    [Anonymous Symbol]                       0x00003b9c   Section        0  heap_1.o(.text.vPortFree)
    [Anonymous Symbol]                       0x00003bc0   Section        0  port.o(.text.vPortSetupTimerInterrupt)
    [Anonymous Symbol]                       0x00003c38   Section        0  port.o(.text.vPortSuppressTicksAndSleep)
    [Anonymous Symbol]                       0x00003e58   Section        0  queue.o(.text.vQueueWaitForMessageRestricted)
    [Anonymous Symbol]                       0x00003ebc   Section        0  tasks.o(.text.vTaskInternalSetTimeOutState)
    [Anonymous Symbol]                       0x00003ee0   Section        0  tasks.o(.text.vTaskMissedYield)
    [Anonymous Symbol]                       0x00003ef0   Section        0  tasks.o(.text.vTaskPlaceOnEventList)
    [Anonymous Symbol]                       0x00003f34   Section        0  tasks.o(.text.vTaskPlaceOnEventListRestricted)
    [Anonymous Symbol]                       0x00003fb0   Section        0  tasks.o(.text.vTaskPriorityDisinheritAfterTimeout)
    [Anonymous Symbol]                       0x00004134   Section        0  tasks.o(.text.vTaskResume)
    [Anonymous Symbol]                       0x0000423c   Section        0  tasks.o(.text.vTaskStartScheduler)
    [Anonymous Symbol]                       0x000042f0   Section        0  tasks.o(.text.vTaskStepTick)
    [Anonymous Symbol]                       0x000043bc   Section        0  tasks.o(.text.vTaskSuspend)
    [Anonymous Symbol]                       0x00004538   Section        0  tasks.o(.text.vTaskSuspendAll)
    __tagsym$$used.0                         0x00004548   Number         0  tasks.o(.text.vTaskSwitchContext)
    [Anonymous Symbol]                       0x00004548   Section        0  tasks.o(.text.vTaskSwitchContext)
    [Anonymous Symbol]                       0x00004608   Section        0  port.o(.text.xPortStartScheduler)
    [Anonymous Symbol]                       0x00004760   Section        0  queue.o(.text.xQueueGenericCreate)
    [Anonymous Symbol]                       0x000047fc   Section        0  queue.o(.text.xQueueGenericReset)
    [Anonymous Symbol]                       0x00004904   Section        0  queue.o(.text.xQueueGenericSend)
    [Anonymous Symbol]                       0x00004b78   Section        0  queue.o(.text.xQueueReceive)
    [Anonymous Symbol]                       0x00004d54   Section        0  queue.o(.text.xQueueSemaphoreTake)
    [Anonymous Symbol]                       0x00004f64   Section        0  tasks.o(.text.xTaskCheckForTimeOut)
    [Anonymous Symbol]                       0x00005060   Section        0  tasks.o(.text.xTaskCreate)
    [Anonymous Symbol]                       0x00005100   Section        0  tasks.o(.text.xTaskDelayUntil)
    [Anonymous Symbol]                       0x00005218   Section        0  tasks.o(.text.xTaskGetSchedulerState)
    [Anonymous Symbol]                       0x00005250   Section        0  tasks.o(.text.xTaskGetTickCount)
    [Anonymous Symbol]                       0x00005264   Section        0  tasks.o(.text.xTaskIncrementTick)
    [Anonymous Symbol]                       0x000054c4   Section        0  tasks.o(.text.xTaskPriorityDisinherit)
    [Anonymous Symbol]                       0x000055fc   Section        0  tasks.o(.text.xTaskPriorityInherit)
    [Anonymous Symbol]                       0x00005758   Section        0  tasks.o(.text.xTaskRemoveFromEventList)
    [Anonymous Symbol]                       0x000058ec   Section        0  tasks.o(.text.xTaskResumeAll)
    [Anonymous Symbol]                       0x00005b10   Section        0  timers.o(.text.xTimerCreateTimerTask)
    $v0                                      0x00005b7c   Number         0  daddsub_clz.o(x$fpl$dadd)
    x$fpl$dadd                               0x00005b7c   Section      336  daddsub_clz.o(x$fpl$dadd)
    _dadd1                                   0x00005b8d   Thumb Code     0  daddsub_clz.o(x$fpl$dadd)
    $v0                                      0x00005ccc   Number         0  ddiv.o(x$fpl$ddiv)
    x$fpl$ddiv                               0x00005ccc   Section      692  ddiv.o(x$fpl$ddiv)
    ddiv_entry                               0x00005cd3   Thumb Code     0  ddiv.o(x$fpl$ddiv)
    $v0                                      0x00005f80   Number         0  dfix.o(x$fpl$dfix)
    x$fpl$dfix                               0x00005f80   Section       94  dfix.o(x$fpl$dfix)
    $v0                                      0x00005fe0   Number         0  dfixu.o(x$fpl$dfixu)
    x$fpl$dfixu                              0x00005fe0   Section       90  dfixu.o(x$fpl$dfixu)
    $v0                                      0x0000603a   Number         0  dflt_clz.o(x$fpl$dfltu)
    x$fpl$dfltu                              0x0000603a   Section       38  dflt_clz.o(x$fpl$dfltu)
    $v0                                      0x00006060   Number         0  dmul.o(x$fpl$dmul)
    x$fpl$dmul                               0x00006060   Section      340  dmul.o(x$fpl$dmul)
    $v0                                      0x000061b4   Number         0  dnaninf.o(x$fpl$dnaninf)
    x$fpl$dnaninf                            0x000061b4   Section      156  dnaninf.o(x$fpl$dnaninf)
    $v0                                      0x00006250   Number         0  dretinf.o(x$fpl$dretinf)
    x$fpl$dretinf                            0x00006250   Section       12  dretinf.o(x$fpl$dretinf)
    $v0                                      0x0000625c   Number         0  daddsub_clz.o(x$fpl$dsub)
    x$fpl$dsub                               0x0000625c   Section      476  daddsub_clz.o(x$fpl$dsub)
    _dsub1                                   0x0000626d   Thumb Code     0  daddsub_clz.o(x$fpl$dsub)
    $v0                                      0x00006438   Number         0  f2d.o(x$fpl$f2d)
    x$fpl$f2d                                0x00006438   Section       86  f2d.o(x$fpl$f2d)
    $v0                                      0x0000648e   Number         0  fnaninf.o(x$fpl$fnaninf)
    x$fpl$fnaninf                            0x0000648e   Section      140  fnaninf.o(x$fpl$fnaninf)
    $v0                                      0x0000651a   Number         0  fpinit.o(x$fpl$fpinit)
    x$fpl$fpinit                             0x0000651a   Section       26  fpinit.o(x$fpl$fpinit)
    x$fpl$usenofp                            0x00006534   Section        0  usenofp.o(x$fpl$usenofp)
    .L.str.3                                 0x00006594   Data           9  main.o(.rodata.str1.1)
    [Anonymous Symbol]                       0x00006594   Section        0  main.o(.rodata.str1.1)
    .L.str.2                                 0x0000659d   Data          16  main.o(.rodata.str1.1)
    .L.str.4                                 0x000065ad   Data          16  main.o(.rodata.str1.1)
    .L.str.6                                 0x000065bd   Data          11  main.o(.rodata.str1.1)
    .L.str.7                                 0x000065c8   Data          10  main.o(.rodata.str1.1)
    .L.str.5                                 0x000065d2   Data          18  main.o(.rodata.str1.1)
    .L.str.1                                 0x000065e4   Data          12  main.o(.rodata.str1.1)
    .L.str                                   0x000065f0   Data          12  main.o(.rodata.str1.1)
    .L.str.8                                 0x000065fc   Data          10  main.o(.rodata.str1.1)
    .L.str                                   0x00006606   Data          10  swc1.o(.rodata.str1.1)
    [Anonymous Symbol]                       0x00006606   Section        0  swc1.o(.rodata.str1.1)
    .L.str.1                                 0x00006610   Data           5  swc1.o(.rodata.str1.1)
    .L.str.2                                 0x00006615   Data           9  swc1.o(.rodata.str1.1)
    .L.str                                   0x0000661e   Data          16  swc3.o(.rodata.str1.1)
    [Anonymous Symbol]                       0x0000661e   Section        0  swc3.o(.rodata.str1.1)
    .L.str.2                                 0x0000662e   Data           7  swc4.o(.rodata.str1.1)
    [Anonymous Symbol]                       0x0000662e   Section        0  swc4.o(.rodata.str1.1)
    .L.str                                   0x0000662f   Data           6  swc4.o(.rodata.str1.1)
    .L.str.1                                 0x00006635   Data           6  swc4.o(.rodata.str1.1)
    .L.str.3                                 0x0000663b   Data           7  swc4.o(.rodata.str1.1)
    .L.str.5                                 0x00006642   Data           5  swc4.o(.rodata.str1.1)
    .L.str.4                                 0x00006647   Data           6  swc4.o(.rodata.str1.1)
    .L.str                                   0x0000664d   Data           5  tasks.o(.rodata.str1.1)
    [Anonymous Symbol]                       0x0000664d   Section        0  tasks.o(.rodata.str1.1)
    .L.str                                   0x00006652   Data           8  timers.o(.rodata.str1.1)
    [Anonymous Symbol]                       0x00006652   Section        0  timers.o(.rodata.str1.1)
    uxCriticalNesting                        0x2000000c   Data           4  port.o(.data.uxCriticalNesting)
    [Anonymous Symbol]                       0x2000000c   Section        0  port.o(.data.uxCriticalNesting)
    .bss                                     0x20000010   Section       96  libspace.o(.bss)
    prvSampleTimeNow.xLastTime               0x20000080   Data           4  timers.o(.bss.prvSampleTimeNow.xLastTime)
    [Anonymous Symbol]                       0x20000080   Section        0  timers.o(.bss.prvSampleTimeNow.xLastTime)
    pvPortMalloc.pucAlignedHeap              0x20000084   Data           4  heap_1.o(.bss.pvPortMalloc.pucAlignedHeap)
    [Anonymous Symbol]                       0x20000084   Section        0  heap_1.o(.bss.pvPortMalloc.pucAlignedHeap)
    __tagsym$$used.1                         0x20000088   Number         0  tasks.o(.bss.pxCurrentTCB)
    pxCurrentTimerList                       0x2000008c   Data           4  timers.o(.bss.pxCurrentTimerList)
    [Anonymous Symbol]                       0x2000008c   Section        0  timers.o(.bss.pxCurrentTimerList)
    pxDelayedTaskList                        0x20000090   Data           4  tasks.o(.bss.pxDelayedTaskList)
    [Anonymous Symbol]                       0x20000090   Section        0  tasks.o(.bss.pxDelayedTaskList)
    pxOverflowDelayedTaskList                0x20000094   Data           4  tasks.o(.bss.pxOverflowDelayedTaskList)
    [Anonymous Symbol]                       0x20000094   Section        0  tasks.o(.bss.pxOverflowDelayedTaskList)
    pxOverflowTimerList                      0x20000098   Data           4  timers.o(.bss.pxOverflowTimerList)
    [Anonymous Symbol]                       0x20000098   Section        0  timers.o(.bss.pxOverflowTimerList)
    pxReadyTasksLists                        0x2000009c   Data         200  tasks.o(.bss.pxReadyTasksLists)
    [Anonymous Symbol]                       0x2000009c   Section        0  tasks.o(.bss.pxReadyTasksLists)
    ucHeap                                   0x20000164   Data        8192  heap_1.o(.bss.ucHeap)
    [Anonymous Symbol]                       0x20000164   Section        0  heap_1.o(.bss.ucHeap)
    ucMaxSysCallPriority                     0x20002164   Data           1  port.o(.bss.ucMaxSysCallPriority)
    [Anonymous Symbol]                       0x20002164   Section        0  port.o(.bss.ucMaxSysCallPriority)
    ulMaxPRIGROUPValue                       0x20002168   Data           4  port.o(.bss.ulMaxPRIGROUPValue)
    [Anonymous Symbol]                       0x20002168   Section        0  port.o(.bss.ulMaxPRIGROUPValue)
    ulStoppedTimerCompensation               0x2000216c   Data           4  port.o(.bss.ulStoppedTimerCompensation)
    [Anonymous Symbol]                       0x2000216c   Section        0  port.o(.bss.ulStoppedTimerCompensation)
    ulTimerCountsForOneTick                  0x20002170   Data           4  port.o(.bss.ulTimerCountsForOneTick)
    [Anonymous Symbol]                       0x20002170   Section        0  port.o(.bss.ulTimerCountsForOneTick)
    uxCurrentNumberOfTasks                   0x20002174   Data           4  tasks.o(.bss.uxCurrentNumberOfTasks)
    [Anonymous Symbol]                       0x20002174   Section        0  tasks.o(.bss.uxCurrentNumberOfTasks)
    uxDeletedTasksWaitingCleanUp             0x20002178   Data           4  tasks.o(.bss.uxDeletedTasksWaitingCleanUp)
    [Anonymous Symbol]                       0x20002178   Section        0  tasks.o(.bss.uxDeletedTasksWaitingCleanUp)
    uxSchedulerSuspended                     0x2000217c   Data           4  tasks.o(.bss.uxSchedulerSuspended)
    [Anonymous Symbol]                       0x2000217c   Section        0  tasks.o(.bss.uxSchedulerSuspended)
    uxTaskNumber                             0x20002180   Data           4  tasks.o(.bss.uxTaskNumber)
    [Anonymous Symbol]                       0x20002180   Section        0  tasks.o(.bss.uxTaskNumber)
    uxTopReadyPriority                       0x20002184   Data           4  tasks.o(.bss.uxTopReadyPriority)
    [Anonymous Symbol]                       0x20002184   Section        0  tasks.o(.bss.uxTopReadyPriority)
    xActiveTimerList1                        0x20002188   Data          20  timers.o(.bss.xActiveTimerList1)
    [Anonymous Symbol]                       0x20002188   Section        0  timers.o(.bss.xActiveTimerList1)
    xActiveTimerList2                        0x2000219c   Data          20  timers.o(.bss.xActiveTimerList2)
    [Anonymous Symbol]                       0x2000219c   Section        0  timers.o(.bss.xActiveTimerList2)
    xDelayedTaskList1                        0x200021b0   Data          20  tasks.o(.bss.xDelayedTaskList1)
    [Anonymous Symbol]                       0x200021b0   Section        0  tasks.o(.bss.xDelayedTaskList1)
    xDelayedTaskList2                        0x200021c4   Data          20  tasks.o(.bss.xDelayedTaskList2)
    [Anonymous Symbol]                       0x200021c4   Section        0  tasks.o(.bss.xDelayedTaskList2)
    xIdleTaskHandle                          0x200021d8   Data           4  tasks.o(.bss.xIdleTaskHandle)
    [Anonymous Symbol]                       0x200021d8   Section        0  tasks.o(.bss.xIdleTaskHandle)
    xMaximumPossibleSuppressedTicks          0x200021dc   Data           4  port.o(.bss.xMaximumPossibleSuppressedTicks)
    [Anonymous Symbol]                       0x200021dc   Section        0  port.o(.bss.xMaximumPossibleSuppressedTicks)
    xNextFreeByte                            0x200021e0   Data           4  heap_1.o(.bss.xNextFreeByte)
    [Anonymous Symbol]                       0x200021e0   Section        0  heap_1.o(.bss.xNextFreeByte)
    xNextTaskUnblockTime                     0x200021e4   Data           4  tasks.o(.bss.xNextTaskUnblockTime)
    [Anonymous Symbol]                       0x200021e4   Section        0  tasks.o(.bss.xNextTaskUnblockTime)
    xNumOfOverflows                          0x200021e8   Data           4  tasks.o(.bss.xNumOfOverflows)
    [Anonymous Symbol]                       0x200021e8   Section        0  tasks.o(.bss.xNumOfOverflows)
    xPendedTicks                             0x200021ec   Data           4  tasks.o(.bss.xPendedTicks)
    [Anonymous Symbol]                       0x200021ec   Section        0  tasks.o(.bss.xPendedTicks)
    xPendingReadyList                        0x200021f0   Data          20  tasks.o(.bss.xPendingReadyList)
    [Anonymous Symbol]                       0x200021f0   Section        0  tasks.o(.bss.xPendingReadyList)
    xSchedulerRunning                        0x20002218   Data           4  tasks.o(.bss.xSchedulerRunning)
    [Anonymous Symbol]                       0x20002218   Section        0  tasks.o(.bss.xSchedulerRunning)
    xSuspendedTaskList                       0x20002220   Data          20  tasks.o(.bss.xSuspendedTaskList)
    [Anonymous Symbol]                       0x20002220   Section        0  tasks.o(.bss.xSuspendedTaskList)
    xTasksWaitingTermination                 0x20002234   Data          20  tasks.o(.bss.xTasksWaitingTermination)
    [Anonymous Symbol]                       0x20002234   Section        0  tasks.o(.bss.xTasksWaitingTermination)
    xTickCount                               0x20002248   Data           4  tasks.o(.bss.xTickCount)
    [Anonymous Symbol]                       0x20002248   Section        0  tasks.o(.bss.xTickCount)
    xTimerQueue                              0x2000224c   Data           4  timers.o(.bss.xTimerQueue)
    [Anonymous Symbol]                       0x2000224c   Section        0  timers.o(.bss.xTimerQueue)
    xTimerTaskHandle                         0x20002250   Data           4  timers.o(.bss.xTimerTaskHandle)
    [Anonymous Symbol]                       0x20002250   Section        0  timers.o(.bss.xTimerTaskHandle)
    xYieldPending                            0x20002254   Data           4  tasks.o(.bss.xYieldPending)
    [Anonymous Symbol]                       0x20002254   Section        0  tasks.o(.bss.xYieldPending)
    Heap_Mem                                 0x20002258   Data           0  startup_tm4c123.o(HEAP)
    Stack_Mem                                0x20002258   Data         512  startup_tm4c123.o(STACK)
    HEAP                                     0x20002258   Section        0  startup_tm4c123.o(HEAP)
    STACK                                    0x20002258   Section      512  startup_tm4c123.o(STACK)
    __initial_sp                             0x20002458   Data           0  startup_tm4c123.o(STACK)

    Global Symbols

    Symbol Name                              Value     Ov Type        Size  Object(Section)

    BuildAttributes$$THM_ISAv4$E$P$D$K$B$S$7EM$VFPi3$EXTD16$VFPS$VFMA$PE$A:L22UL41UL21$X:L11$S22US41US21$IEEE1$IW$~IW$USESV6$~STKCKD$USESV7$~SHL$OSPACE$ROPI$EBA8$UX$STANDARDLIB$REQ8$PRES8$EABIv2 0x00000000   Number         0  anon$$obj.o ABSOLUTE
    __Vectors                                0x00000000   Data           4  startup_tm4c123.o(RESET)
    __ARM_exceptions_init                     - Undefined Weak Reference
    __alloca_initialize                       - Undefined Weak Reference
    __arm_preinit_                            - Undefined Weak Reference
    __arm_relocate_pie_                       - Undefined Weak Reference
    __cpp_initialize__aeabi_                  - Undefined Weak Reference
    __cxa_finalize                            - Undefined Weak Reference
    __rt_locale                               - Undefined Weak Reference
    __sigvec_lookup                           - Undefined Weak Reference
    _atexit_init                              - Undefined Weak Reference
    _call_atexit_fns                          - Undefined Weak Reference
    _clock_init                               - Undefined Weak Reference
    _fp_trap_init                             - Undefined Weak Reference
    _fp_trap_shutdown                         - Undefined Weak Reference
    _get_lc_collate                           - Undefined Weak Reference
    _get_lc_ctype                             - Undefined Weak Reference
    _get_lc_monetary                          - Undefined Weak Reference
    _get_lc_numeric                           - Undefined Weak Reference
    _get_lc_time                              - Undefined Weak Reference
    _getenv_init                              - Undefined Weak Reference
    _handle_redirection                       - Undefined Weak Reference
    _init_alloc                               - Undefined Weak Reference
    _init_user_alloc                          - Undefined Weak Reference
    _initio                                   - Undefined Weak Reference
    _rand_init                                - Undefined Weak Reference
    _signal_finish                            - Undefined Weak Reference
    _signal_init                              - Undefined Weak Reference
    _terminate_alloc                          - Undefined Weak Reference
    _terminate_user_alloc                     - Undefined Weak Reference
    _terminateio                              - Undefined Weak Reference
    __Vectors_End                            0x0000026c   Data           0  startup_tm4c123.o(RESET)
    __Vectors_Size                           0x0000026c   Number         0  startup_tm4c123.o ABSOLUTE
    __main                                   0x0000026d   Thumb Code     8  __main.o(!!!main)
    __scatterload                            0x00000275   Thumb Code     0  __scatter.o(!!!scatter)
    __scatterload_rt2                        0x00000275   Thumb Code    44  __scatter.o(!!!scatter)
    __scatterload_rt2_thumb_only             0x00000275   Thumb Code     0  __scatter.o(!!!scatter)
    __scatterload_null                       0x00000283   Thumb Code     0  __scatter.o(!!!scatter)
    __scatterload_copy                       0x000002a9   Thumb Code    26  __scatter_copy.o(!!handler_copy)
    __scatterload_zeroinit                   0x000002c5   Thumb Code    28  __scatter_zi.o(!!handler_zi)
    __rt_lib_init                            0x000002e1   Thumb Code     0  libinit.o(.ARM.Collect$$libinit$$00000000)
    __rt_lib_init_fp_1                       0x000002e3   Thumb Code     0  libinit2.o(.ARM.Collect$$libinit$$00000001)
    __rt_lib_init_alloca_1                   0x000002e7   Thumb Code     0  libinit2.o(.ARM.Collect$$libinit$$00000030)
    __rt_lib_init_argv_1                     0x000002e7   Thumb Code     0  libinit2.o(.ARM.Collect$$libinit$$0000002E)
    __rt_lib_init_atexit_1                   0x000002e7   Thumb Code     0  libinit2.o(.ARM.Collect$$libinit$$0000001D)
    __rt_lib_init_clock_1                    0x000002e7   Thumb Code     0  libinit2.o(.ARM.Collect$$libinit$$00000023)
    __rt_lib_init_cpp_1                      0x000002e7   Thumb Code     0  libinit2.o(.ARM.Collect$$libinit$$00000034)
    __rt_lib_init_exceptions_1               0x000002e7   Thumb Code     0  libinit2.o(.ARM.Collect$$libinit$$00000032)
    __rt_lib_init_fp_trap_1                  0x000002e7   Thumb Code     0  libinit2.o(.ARM.Collect$$libinit$$00000021)
    __rt_lib_init_getenv_1                   0x000002e7   Thumb Code     0  libinit2.o(.ARM.Collect$$libinit$$00000025)
    __rt_lib_init_heap_1                     0x000002e7   Thumb Code     0  libinit2.o(.ARM.Collect$$libinit$$0000000C)
    __rt_lib_init_lc_collate_1               0x000002e7   Thumb Code     0  libinit2.o(.ARM.Collect$$libinit$$00000013)
    __rt_lib_init_lc_ctype_1                 0x000002e7   Thumb Code     0  libinit2.o(.ARM.Collect$$libinit$$00000015)
    __rt_lib_init_lc_monetary_1              0x000002e7   Thumb Code     0  libinit2.o(.ARM.Collect$$libinit$$00000017)
    __rt_lib_init_lc_numeric_1               0x000002e7   Thumb Code     0  libinit2.o(.ARM.Collect$$libinit$$00000019)
    __rt_lib_init_lc_time_1                  0x000002e7   Thumb Code     0  libinit2.o(.ARM.Collect$$libinit$$0000001B)
    __rt_lib_init_preinit_1                  0x000002e7   Thumb Code     0  libinit2.o(.ARM.Collect$$libinit$$00000006)
    __rt_lib_init_rand_1                     0x000002e7   Thumb Code     0  libinit2.o(.ARM.Collect$$libinit$$00000010)
    __rt_lib_init_relocate_pie_1             0x000002e7   Thumb Code     0  libinit2.o(.ARM.Collect$$libinit$$00000004)
    __rt_lib_init_return                     0x000002e7   Thumb Code     0  libinit2.o(.ARM.Collect$$libinit$$00000035)
    __rt_lib_init_signal_1                   0x000002e7   Thumb Code     0  libinit2.o(.ARM.Collect$$libinit$$0000001F)
    __rt_lib_init_stdio_1                    0x000002e7   Thumb Code     0  libinit2.o(.ARM.Collect$$libinit$$00000027)
    __rt_lib_init_user_alloc_1               0x000002e7   Thumb Code     0  libinit2.o(.ARM.Collect$$libinit$$0000000E)
    __rt_lib_shutdown                        0x000002e9   Thumb Code     0  libshutdown.o(.ARM.Collect$$libshutdown$$00000000)
    __rt_lib_shutdown_cpp_1                  0x000002eb   Thumb Code     0  libshutdown2.o(.ARM.Collect$$libshutdown$$00000002)
    __rt_lib_shutdown_fp_trap_1              0x000002eb   Thumb Code     0  libshutdown2.o(.ARM.Collect$$libshutdown$$00000007)
    __rt_lib_shutdown_heap_1                 0x000002eb   Thumb Code     0  libshutdown2.o(.ARM.Collect$$libshutdown$$0000000F)
    __rt_lib_shutdown_return                 0x000002eb   Thumb Code     0  libshutdown2.o(.ARM.Collect$$libshutdown$$00000010)
    __rt_lib_shutdown_signal_1               0x000002eb   Thumb Code     0  libshutdown2.o(.ARM.Collect$$libshutdown$$0000000A)
    __rt_lib_shutdown_stdio_1                0x000002eb   Thumb Code     0  libshutdown2.o(.ARM.Collect$$libshutdown$$00000004)
    __rt_lib_shutdown_user_alloc_1           0x000002eb   Thumb Code     0  libshutdown2.o(.ARM.Collect$$libshutdown$$0000000C)
    __rt_entry                               0x000002ed   Thumb Code     0  __rtentry.o(.ARM.Collect$$rtentry$$00000000)
    __rt_entry_presh_1                       0x000002ed   Thumb Code     0  __rtentry2.o(.ARM.Collect$$rtentry$$00000002)
    __rt_entry_sh                            0x000002ed   Thumb Code     0  __rtentry4.o(.ARM.Collect$$rtentry$$00000004)
    __rt_entry_li                            0x000002f3   Thumb Code     0  __rtentry2.o(.ARM.Collect$$rtentry$$0000000A)
    __rt_entry_postsh_1                      0x000002f3   Thumb Code     0  __rtentry2.o(.ARM.Collect$$rtentry$$00000009)
    __rt_entry_main                          0x000002f7   Thumb Code     0  __rtentry2.o(.ARM.Collect$$rtentry$$0000000D)
    __rt_entry_postli_1                      0x000002f7   Thumb Code     0  __rtentry2.o(.ARM.Collect$$rtentry$$0000000C)
    __rt_exit                                0x000002ff   Thumb Code     0  rtexit.o(.ARM.Collect$$rtexit$$00000000)
    __rt_exit_ls                             0x00000301   Thumb Code     0  rtexit2.o(.ARM.Collect$$rtexit$$00000003)
    __rt_exit_prels_1                        0x00000301   Thumb Code     0  rtexit2.o(.ARM.Collect$$rtexit$$00000002)
    __rt_exit_exit                           0x00000305   Thumb Code     0  rtexit2.o(.ARM.Collect$$rtexit$$00000004)
    Reset_Handler                            0x0000030d   Thumb Code     8  startup_tm4c123.o(.text)
    NMI_Handler                              0x00000315   Thumb Code     2  startup_tm4c123.o(.text)
    HardFault_Handler                        0x00000317   Thumb Code     2  startup_tm4c123.o(.text)
    MemManage_Handler                        0x00000319   Thumb Code     2  startup_tm4c123.o(.text)
    BusFault_Handler                         0x0000031b   Thumb Code     2  startup_tm4c123.o(.text)
    UsageFault_Handler                       0x0000031d   Thumb Code     2  startup_tm4c123.o(.text)
    DebugMon_Handler                         0x00000321   Thumb Code     2  startup_tm4c123.o(.text)
    GPIOA_Handler                            0x00000327   Thumb Code     2  startup_tm4c123.o(.text)
    GPIOB_Handler                            0x00000329   Thumb Code     2  startup_tm4c123.o(.text)
    GPIOC_Handler                            0x0000032b   Thumb Code     2  startup_tm4c123.o(.text)
    GPIOD_Handler                            0x0000032d   Thumb Code     2  startup_tm4c123.o(.text)
    GPIOE_Handler                            0x0000032f   Thumb Code     2  startup_tm4c123.o(.text)
    UART0_Handler                            0x00000331   Thumb Code     2  startup_tm4c123.o(.text)
    UART1_Handler                            0x00000333   Thumb Code     2  startup_tm4c123.o(.text)
    SSI0_Handler                             0x00000335   Thumb Code     2  startup_tm4c123.o(.text)
    I2C0_Handler                             0x00000337   Thumb Code     2  startup_tm4c123.o(.text)
    PMW0_FAULT_Handler                       0x00000339   Thumb Code     2  startup_tm4c123.o(.text)
    PWM0_0_Handler                           0x0000033b   Thumb Code     2  startup_tm4c123.o(.text)
    PWM0_1_Handler                           0x0000033d   Thumb Code     2  startup_tm4c123.o(.text)
    PWM0_2_Handler                           0x0000033f   Thumb Code     2  startup_tm4c123.o(.text)
    QEI0_Handler                             0x00000341   Thumb Code     2  startup_tm4c123.o(.text)
    ADC0SS0_Handler                          0x00000343   Thumb Code     2  startup_tm4c123.o(.text)
    ADC0SS1_Handler                          0x00000345   Thumb Code     2  startup_tm4c123.o(.text)
    ADC0SS2_Handler                          0x00000347   Thumb Code     2  startup_tm4c123.o(.text)
    ADC0SS3_Handler                          0x00000349   Thumb Code     2  startup_tm4c123.o(.text)
    WDT0_Handler                             0x0000034b   Thumb Code     2  startup_tm4c123.o(.text)
    TIMER0A_Handler                          0x0000034d   Thumb Code     2  startup_tm4c123.o(.text)
    TIMER0B_Handler                          0x0000034f   Thumb Code     2  startup_tm4c123.o(.text)
    TIMER1A_Handler                          0x00000351   Thumb Code     2  startup_tm4c123.o(.text)
    TIMER1B_Handler                          0x00000353   Thumb Code     2  startup_tm4c123.o(.text)
    TIMER2A_Handler                          0x00000355   Thumb Code     2  startup_tm4c123.o(.text)
    TIMER2B_Handler                          0x00000357   Thumb Code     2  startup_tm4c123.o(.text)
    COMP0_Handler                            0x00000359   Thumb Code     2  startup_tm4c123.o(.text)
    COMP1_Handler                            0x0000035b   Thumb Code     2  startup_tm4c123.o(.text)
    COMP2_Handler                            0x0000035d   Thumb Code     2  startup_tm4c123.o(.text)
    SYSCTL_Handler                           0x0000035f   Thumb Code     2  startup_tm4c123.o(.text)
    FLASH_Handler                            0x00000361   Thumb Code     2  startup_tm4c123.o(.text)
    GPIOF_Handler                            0x00000363   Thumb Code     2  startup_tm4c123.o(.text)
    GPIOG_Handler                            0x00000365   Thumb Code     2  startup_tm4c123.o(.text)
    GPIOH_Handler                            0x00000367   Thumb Code     2  startup_tm4c123.o(.text)
    UART2_Handler                            0x00000369   Thumb Code     2  startup_tm4c123.o(.text)
    SSI1_Handler                             0x0000036b   Thumb Code     2  startup_tm4c123.o(.text)
    TIMER3A_Handler                          0x0000036d   Thumb Code     2  startup_tm4c123.o(.text)
    TIMER3B_Handler                          0x0000036f   Thumb Code     2  startup_tm4c123.o(.text)
    I2C1_Handler                             0x00000371   Thumb Code     2  startup_tm4c123.o(.text)
    QEI1_Handler                             0x00000373   Thumb Code     2  startup_tm4c123.o(.text)
    CAN0_Handler                             0x00000375   Thumb Code     2  startup_tm4c123.o(.text)
    CAN1_Handler                             0x00000377   Thumb Code     2  startup_tm4c123.o(.text)
    CAN2_Handler                             0x00000379   Thumb Code     2  startup_tm4c123.o(.text)
    HIB_Handler                              0x0000037b   Thumb Code     2  startup_tm4c123.o(.text)
    USB0_Handler                             0x0000037d   Thumb Code     2  startup_tm4c123.o(.text)
    PWM0_3_Handler                           0x0000037f   Thumb Code     2  startup_tm4c123.o(.text)
    UDMA_Handler                             0x00000381   Thumb Code     2  startup_tm4c123.o(.text)
    UDMAERR_Handler                          0x00000383   Thumb Code     2  startup_tm4c123.o(.text)
    ADC1SS0_Handler                          0x00000385   Thumb Code     2  startup_tm4c123.o(.text)
    ADC1SS1_Handler                          0x00000387   Thumb Code     2  startup_tm4c123.o(.text)
    ADC1SS2_Handler                          0x00000389   Thumb Code     2  startup_tm4c123.o(.text)
    ADC1SS3_Handler                          0x0000038b   Thumb Code     2  startup_tm4c123.o(.text)
    GPIOJ_Handler                            0x0000038d   Thumb Code     2  startup_tm4c123.o(.text)
    GPIOK_Handler                            0x0000038f   Thumb Code     2  startup_tm4c123.o(.text)
    GPIOL_Handler                            0x00000391   Thumb Code     2  startup_tm4c123.o(.text)
    SSI2_Handler                             0x00000393   Thumb Code     2  startup_tm4c123.o(.text)
    SSI3_Handler                             0x00000395   Thumb Code     2  startup_tm4c123.o(.text)
    UART3_Handler                            0x00000397   Thumb Code     2  startup_tm4c123.o(.text)
    UART4_Handler                            0x00000399   Thumb Code     2  startup_tm4c123.o(.text)
    UART5_Handler                            0x0000039b   Thumb Code     2  startup_tm4c123.o(.text)
    UART6_Handler                            0x0000039d   Thumb Code     2  startup_tm4c123.o(.text)
    UART7_Handler                            0x0000039f   Thumb Code     2  startup_tm4c123.o(.text)
    I2C2_Handler                             0x000003a1   Thumb Code     2  startup_tm4c123.o(.text)
    I2C3_Handler                             0x000003a3   Thumb Code     2  startup_tm4c123.o(.text)
    TIMER4A_Handler                          0x000003a5   Thumb Code     2  startup_tm4c123.o(.text)
    TIMER4B_Handler                          0x000003a7   Thumb Code     2  startup_tm4c123.o(.text)
    TIMER5A_Handler                          0x000003a9   Thumb Code     2  startup_tm4c123.o(.text)
    TIMER5B_Handler                          0x000003ab   Thumb Code     2  startup_tm4c123.o(.text)
    WTIMER0A_Handler                         0x000003ad   Thumb Code     2  startup_tm4c123.o(.text)
    WTIMER0B_Handler                         0x000003af   Thumb Code     2  startup_tm4c123.o(.text)
    WTIMER1A_Handler                         0x000003b1   Thumb Code     2  startup_tm4c123.o(.text)
    WTIMER1B_Handler                         0x000003b3   Thumb Code     2  startup_tm4c123.o(.text)
    WTIMER2A_Handler                         0x000003b5   Thumb Code     2  startup_tm4c123.o(.text)
    WTIMER2B_Handler                         0x000003b7   Thumb Code     2  startup_tm4c123.o(.text)
    WTIMER3A_Handler                         0x000003b9   Thumb Code     2  startup_tm4c123.o(.text)
    WTIMER3B_Handler                         0x000003bb   Thumb Code     2  startup_tm4c123.o(.text)
    WTIMER4A_Handler                         0x000003bd   Thumb Code     2  startup_tm4c123.o(.text)
    WTIMER4B_Handler                         0x000003bf   Thumb Code     2  startup_tm4c123.o(.text)
    WTIMER5A_Handler                         0x000003c1   Thumb Code     2  startup_tm4c123.o(.text)
    WTIMER5B_Handler                         0x000003c3   Thumb Code     2  startup_tm4c123.o(.text)
    FPU_Handler                              0x000003c5   Thumb Code     2  startup_tm4c123.o(.text)
    I2C4_Handler                             0x000003c7   Thumb Code     2  startup_tm4c123.o(.text)
    I2C5_Handler                             0x000003c9   Thumb Code     2  startup_tm4c123.o(.text)
    GPIOM_Handler                            0x000003cb   Thumb Code     2  startup_tm4c123.o(.text)
    GPION_Handler                            0x000003cd   Thumb Code     2  startup_tm4c123.o(.text)
    QEI2_Handler                             0x000003cf   Thumb Code     2  startup_tm4c123.o(.text)
    GPIOP0_Handler                           0x000003d1   Thumb Code     2  startup_tm4c123.o(.text)
    GPIOP1_Handler                           0x000003d3   Thumb Code     2  startup_tm4c123.o(.text)
    GPIOP2_Handler                           0x000003d5   Thumb Code     2  startup_tm4c123.o(.text)
    GPIOP3_Handler                           0x000003d7   Thumb Code     2  startup_tm4c123.o(.text)
    GPIOP4_Handler                           0x000003d9   Thumb Code     2  startup_tm4c123.o(.text)
    GPIOP5_Handler                           0x000003db   Thumb Code     2  startup_tm4c123.o(.text)
    GPIOP6_Handler                           0x000003dd   Thumb Code     2  startup_tm4c123.o(.text)
    GPIOP7_Handler                           0x000003df   Thumb Code     2  startup_tm4c123.o(.text)
    GPIOQ0_Handler                           0x000003e1   Thumb Code     2  startup_tm4c123.o(.text)
    GPIOQ1_Handler                           0x000003e3   Thumb Code     2  startup_tm4c123.o(.text)
    GPIOQ2_Handler                           0x000003e5   Thumb Code     2  startup_tm4c123.o(.text)
    GPIOQ3_Handler                           0x000003e7   Thumb Code     2  startup_tm4c123.o(.text)
    GPIOQ4_Handler                           0x000003e9   Thumb Code     2  startup_tm4c123.o(.text)
    GPIOQ5_Handler                           0x000003eb   Thumb Code     2  startup_tm4c123.o(.text)
    GPIOQ6_Handler                           0x000003ed   Thumb Code     2  startup_tm4c123.o(.text)
    GPIOQ7_Handler                           0x000003ef   Thumb Code     2  startup_tm4c123.o(.text)
    GPIOR_Handler                            0x000003f1   Thumb Code     2  startup_tm4c123.o(.text)
    GPIOS_Handler                            0x000003f3   Thumb Code     2  startup_tm4c123.o(.text)
    PMW1_0_Handler                           0x000003f5   Thumb Code     2  startup_tm4c123.o(.text)
    PWM1_1_Handler                           0x000003f7   Thumb Code     2  startup_tm4c123.o(.text)
    PWM1_2_Handler                           0x000003f9   Thumb Code     2  startup_tm4c123.o(.text)
    PWM1_3_Handler                           0x000003fb   Thumb Code     2  startup_tm4c123.o(.text)
    PWM1_FAULT_Handler                       0x000003fd   Thumb Code     2  startup_tm4c123.o(.text)
    __user_initial_stackheap                 0x00000401   Thumb Code     0  startup_tm4c123.o(.text)
    __aeabi_memcpy                           0x00000421   Thumb Code     0  rt_memcpy_v6.o(.text)
    __rt_memcpy                              0x00000421   Thumb Code   138  rt_memcpy_v6.o(.text)
    _memcpy_lastbytes                        0x00000487   Thumb Code     0  rt_memcpy_v6.o(.text)
    __aeabi_memset4                          0x000004ab   Thumb Code    16  aeabi_memset4.o(.text)
    __aeabi_memset8                          0x000004ab   Thumb Code     0  aeabi_memset4.o(.text)
    __aeabi_memclr                           0x000004bb   Thumb Code     0  rt_memclr.o(.text)
    __rt_memclr                              0x000004bb   Thumb Code     0  rt_memclr.o(.text)
    _memset                                  0x000004bf   Thumb Code    64  rt_memclr.o(.text)
    __use_two_region_memory                  0x000004ff   Thumb Code     2  heapauxi.o(.text)
    __rt_heap_escrow$2region                 0x00000501   Thumb Code     2  heapauxi.o(.text)
    __rt_heap_expand$2region                 0x00000503   Thumb Code     2  heapauxi.o(.text)
    __aeabi_memcpy4                          0x00000505   Thumb Code     0  rt_memcpy_w.o(.text)
    __aeabi_memcpy8                          0x00000505   Thumb Code     0  rt_memcpy_w.o(.text)
    __rt_memcpy_w                            0x00000505   Thumb Code   100  rt_memcpy_w.o(.text)
    _memcpy_lastbytes_aligned                0x0000054d   Thumb Code     0  rt_memcpy_w.o(.text)
    __aeabi_memclr4                          0x00000569   Thumb Code     0  rt_memclr_w.o(.text)
    __aeabi_memclr8                          0x00000569   Thumb Code     0  rt_memclr_w.o(.text)
    __rt_memclr_w                            0x00000569   Thumb Code     0  rt_memclr_w.o(.text)
    _memset_w                                0x0000056d   Thumb Code    74  rt_memclr_w.o(.text)
    __user_setup_stackheap                   0x000005b7   Thumb Code    74  sys_stackheap_outer.o(.text)
    exit                                     0x00000601   Thumb Code    18  exit.o(.text)
    __user_libspace                          0x00000615   Thumb Code     8  libspace.o(.text)
    __user_perproc_libspace                  0x00000615   Thumb Code     0  libspace.o(.text)
    __user_perthread_libspace                0x00000615   Thumb Code     0  libspace.o(.text)
    _sys_exit                                0x0000061d   Thumb Code     8  sys_exit.o(.text)
    __I$use$semihosting                      0x00000629   Thumb Code     0  use_no_semi.o(.text)
    __use_no_semihosting_swi                 0x00000629   Thumb Code     2  use_no_semi.o(.text)
    __semihosting_library_function           0x0000062b   Thumb Code     0  indicate_semi.o(.text)
    ADC_Init                                 0x0000062d   Thumb Code   924  adc.o(.text.ADC_Init)
    ADC_Init_TS                              0x000009c9   Thumb Code   150  adc.o(.text.ADC_Init_TS)
    ADC_Read                                 0x00000a61   Thumb Code   432  adc.o(.text.ADC_Read)
    ADC_Read_TS                              0x00000c11   Thumb Code   224  adc.o(.text.ADC_Read_TS)
    DIO_Init                                 0x00000e31   Thumb Code  1280  dio.o(.text.DIO_Init)
    DIO_ReadPin                              0x00001331   Thumb Code   228  dio.o(.text.DIO_ReadPin)
    DIO_WritePin                             0x00001415   Thumb Code   428  dio.o(.text.DIO_WritePin)
    DIO_WritePort                            0x000015c1   Thumb Code   120  dio.o(.text.DIO_WritePort)
    GET_Start_Button                         0x00001639   Thumb Code    46  pushbutton.o(.text.GET_Start_Button)
    LCD_Clear                                0x00001669   Thumb Code    10  lcd.o(.text.LCD_Clear)
    LCD_Cmd                                  0x00001675   Thumb Code    76  lcd.o(.text.LCD_Cmd)
    LCD_GoTo                                 0x000016c1   Thumb Code    56  lcd.o(.text.LCD_GoTo)
    LCD_GoToString                           0x000016f9   Thumb Code    94  lcd.o(.text.LCD_GoToString)
    LCD_Init                                 0x00001759   Thumb Code    76  lcd.o(.text.LCD_Init)
    LCD_Print                                0x000017a5   Thumb Code   326  swc4.o(.text.LCD_Print)
    LCD_SendChar                             0x000018ed   Thumb Code    86  lcd.o(.text.LCD_SendChar)
    LCD_SendString                           0x00001945   Thumb Code    44  lcd.o(.text.LCD_SendString)
    LCD_Write_Int                            0x00001971   Thumb Code   132  lcd.o(.text.LCD_Write_Int)
    LDR_Read                                 0x000019f5   Thumb Code   120  swc2.o(.text.LDR_Read)
    LDR_Update                               0x00001a6d   Thumb Code   360  swc3.o(.text.LDR_Update)
    LdrLeft_Init                             0x00001bd5   Thumb Code    16  sensor.o(.text.LdrLeft_Init)
    LdrLeft_Read                             0x00001be5   Thumb Code    14  sensor.o(.text.LdrLeft_Read)
    LdrRight_Init                            0x00001bf5   Thumb Code    16  sensor.o(.text.LdrRight_Init)
    LdrRight_Read                            0x00001c05   Thumb Code    14  sensor.o(.text.LdrRight_Read)
    ModulesInit                              0x00001c15   Thumb Code    44  swc1.o(.text.ModulesInit)
    Motors_Init                              0x00001c41   Thumb Code    18  motor.o(.text.Motors_Init)
    Motors_get_direction                     0x00001c55   Thumb Code    12  motor.o(.text.Motors_get_direction)
    Motors_set_direction                     0x00001c61   Thumb Code   396  motor.o(.text.Motors_set_direction)
    PWM_INIT                                 0x00001ded   Thumb Code   312  pwm.o(.text.PWM_INIT)
    PWM_set_DC                               0x00001f25   Thumb Code    94  pwm.o(.text.PWM_set_DC)
    PendSV_Handler                           0x00001f91   Thumb Code   100  port.o(.text.PendSV_Handler)
    PushButton_INIT                          0x00001ff5   Thumb Code     8  pushbutton.o(.text.PushButton_INIT)
    SVC_Handler                              0x00002001   Thumb Code    36  port.o(.text.SVC_Handler)
    SwitchCheck                              0x00002025   Thumb Code   142  swc1.o(.text.SwitchCheck)
    SysTick_Handler                          0x000020b5   Thumb Code    60  port.o(.text.SysTick_Handler)
    SystemInit                               0x000020f1   Thumb Code   268  system_tm4c123.o(.text.SystemInit)
    TS_Init                                  0x000021fd   Thumb Code    12  sensor.o(.text.TS_Init)
    TS_Read                                  0x00002209   Thumb Code    22  sensor.o(.text.TS_Read)
    TS_Update                                0x00002221   Thumb Code    54  swc3.o(.text.TS_Update)
    TempSensor_Read                          0x00002259   Thumb Code   120  swc2.o(.text.TempSensor_Read)
    Ultrasonic_Read                          0x000022d1   Thumb Code    94  swc2.o(.text.Ultrasonic_Read)
    Ultrasonic_Update                        0x00002331   Thumb Code   368  swc3.o(.text.Ultrasonic_Update)
    delay_ms                                 0x000024a1   Thumb Code    62  delay.o(.text.delay_ms)
    delay_us                                 0x000024e1   Thumb Code    58  delay.o(.text.delay_us)
    eTaskConfirmSleepModeStatus              0x0000251d   Thumb Code   128  tasks.o(.text.eTaskConfirmSleepModeStatus)
    gptm_deinit                              0x0000259d   Thumb Code    16  gptm.o(.text.gptm_deinit)
    gptm_enable                              0x000025ad   Thumb Code    16  gptm.o(.text.gptm_enable)
    gptm_get_value                           0x000025bd   Thumb Code    18  gptm.o(.text.gptm_get_value)
    gptm_init                                0x000025d1   Thumb Code    74  gptm.o(.text.gptm_init)
    gptm_set_value_ticks                     0x0000261d   Thumb Code    32  gptm.o(.text.gptm_set_value_ticks)
    main                                     0x0000263d   Thumb Code   500  main.o(.text.main)
    pvPortMalloc                             0x0000372d   Thumb Code   192  heap_1.o(.text.pvPortMalloc)
    pvTaskIncrementMutexHeldCount            0x000037ed   Thumb Code    44  tasks.o(.text.pvTaskIncrementMutexHeldCount)
    pxPortInitialiseStack                    0x00003819   Thumb Code    94  port.o(.text.pxPortInitialiseStack)
    ultarsonic_get_value                     0x00003879   Thumb Code   280  ultrasonic.o(.text.ultarsonic_get_value)
    ultarsonic_init                          0x00003991   Thumb Code    22  ultrasonic.o(.text.ultarsonic_init)
    uxListRemove                             0x000039a9   Thumb Code    72  list.o(.text.uxListRemove)
    uxTaskGetNumberOfTasks                   0x000039f1   Thumb Code    12  tasks.o(.text.uxTaskGetNumberOfTasks)
    vListInitialise                          0x000039fd   Thumb Code    46  list.o(.text.vListInitialise)
    vListInitialiseItem                      0x00003a2d   Thumb Code    14  list.o(.text.vListInitialiseItem)
    vListInsert                              0x00003a3d   Thumb Code   106  list.o(.text.vListInsert)
    vListInsertEnd                           0x00003aa9   Thumb Code    58  list.o(.text.vListInsertEnd)
    vPortEnterCritical                       0x00003af9   Thumb Code    86  port.o(.text.vPortEnterCritical)
    vPortExitCritical                        0x00003b51   Thumb Code    74  port.o(.text.vPortExitCritical)
    vPortFree                                0x00003b9d   Thumb Code    36  heap_1.o(.text.vPortFree)
    vPortSetupTimerInterrupt                 0x00003bc1   Thumb Code   120  port.o(.text.vPortSetupTimerInterrupt)
    vPortSuppressTicksAndSleep               0x00003c39   Thumb Code   544  port.o(.text.vPortSuppressTicksAndSleep)
    vQueueWaitForMessageRestricted           0x00003e59   Thumb Code   100  queue.o(.text.vQueueWaitForMessageRestricted)
    vTaskInternalSetTimeOutState             0x00003ebd   Thumb Code    36  tasks.o(.text.vTaskInternalSetTimeOutState)
    vTaskMissedYield                         0x00003ee1   Thumb Code    14  tasks.o(.text.vTaskMissedYield)
    vTaskPlaceOnEventList                    0x00003ef1   Thumb Code    66  tasks.o(.text.vTaskPlaceOnEventList)
    vTaskPlaceOnEventListRestricted          0x00003f35   Thumb Code   124  tasks.o(.text.vTaskPlaceOnEventListRestricted)
    vTaskPriorityDisinheritAfterTimeout      0x00003fb1   Thumb Code   386  tasks.o(.text.vTaskPriorityDisinheritAfterTimeout)
    vTaskResume                              0x00004135   Thumb Code   264  tasks.o(.text.vTaskResume)
    vTaskStartScheduler                      0x0000423d   Thumb Code   178  tasks.o(.text.vTaskStartScheduler)
    vTaskStepTick                            0x000042f1   Thumb Code   204  tasks.o(.text.vTaskStepTick)
    vTaskSuspend                             0x000043bd   Thumb Code   378  tasks.o(.text.vTaskSuspend)
    vTaskSuspendAll                          0x00004539   Thumb Code    16  tasks.o(.text.vTaskSuspendAll)
    vTaskSwitchContext                       0x00004549   Thumb Code   190  tasks.o(.text.vTaskSwitchContext)
    xPortStartScheduler                      0x00004609   Thumb Code   342  port.o(.text.xPortStartScheduler)
    xQueueGenericCreate                      0x00004761   Thumb Code   154  queue.o(.text.xQueueGenericCreate)
    xQueueGenericReset                       0x000047fd   Thumb Code   264  queue.o(.text.xQueueGenericReset)
    xQueueGenericSend                        0x00004905   Thumb Code   628  queue.o(.text.xQueueGenericSend)
    xQueueReceive                            0x00004b79   Thumb Code   476  queue.o(.text.xQueueReceive)
    xQueueSemaphoreTake                      0x00004d55   Thumb Code   528  queue.o(.text.xQueueSemaphoreTake)
    xTaskCheckForTimeOut                     0x00004f65   Thumb Code   252  tasks.o(.text.xTaskCheckForTimeOut)
    xTaskCreate                              0x00005061   Thumb Code   160  tasks.o(.text.xTaskCreate)
    xTaskDelayUntil                          0x00005101   Thumb Code   278  tasks.o(.text.xTaskDelayUntil)
    xTaskGetSchedulerState                   0x00005219   Thumb Code    56  tasks.o(.text.xTaskGetSchedulerState)
    xTaskGetTickCount                        0x00005251   Thumb Code    20  tasks.o(.text.xTaskGetTickCount)
    xTaskIncrementTick                       0x00005265   Thumb Code   608  tasks.o(.text.xTaskIncrementTick)
    xTaskPriorityDisinherit                  0x000054c5   Thumb Code   312  tasks.o(.text.xTaskPriorityDisinherit)
    xTaskPriorityInherit                     0x000055fd   Thumb Code   348  tasks.o(.text.xTaskPriorityInherit)
    xTaskRemoveFromEventList                 0x00005759   Thumb Code   402  tasks.o(.text.xTaskRemoveFromEventList)
    xTaskResumeAll                           0x000058ed   Thumb Code   546  tasks.o(.text.xTaskResumeAll)
    xTimerCreateTimerTask                    0x00005b11   Thumb Code   108  timers.o(.text.xTimerCreateTimerTask)
    __aeabi_dadd                             0x00005b7d   Thumb Code     0  daddsub_clz.o(x$fpl$dadd)
    _dadd                                    0x00005b7d   Thumb Code   332  daddsub_clz.o(x$fpl$dadd)
    __aeabi_ddiv                             0x00005ccd   Thumb Code     0  ddiv.o(x$fpl$ddiv)
    _ddiv                                    0x00005ccd   Thumb Code   556  ddiv.o(x$fpl$ddiv)
    __aeabi_d2iz                             0x00005f81   Thumb Code     0  dfix.o(x$fpl$dfix)
    _dfix                                    0x00005f81   Thumb Code    94  dfix.o(x$fpl$dfix)
    __aeabi_d2uiz                            0x00005fe1   Thumb Code     0  dfixu.o(x$fpl$dfixu)
    _dfixu                                   0x00005fe1   Thumb Code    90  dfixu.o(x$fpl$dfixu)
    __aeabi_ui2d                             0x0000603b   Thumb Code     0  dflt_clz.o(x$fpl$dfltu)
    _dfltu                                   0x0000603b   Thumb Code    38  dflt_clz.o(x$fpl$dfltu)
    __aeabi_dmul                             0x00006061   Thumb Code     0  dmul.o(x$fpl$dmul)
    _dmul                                    0x00006061   Thumb Code   332  dmul.o(x$fpl$dmul)
    __fpl_dnaninf                            0x000061b5   Thumb Code   156  dnaninf.o(x$fpl$dnaninf)
    __fpl_dretinf                            0x00006251   Thumb Code    12  dretinf.o(x$fpl$dretinf)
    __aeabi_dsub                             0x0000625d   Thumb Code     0  daddsub_clz.o(x$fpl$dsub)
    _dsub                                    0x0000625d   Thumb Code   472  daddsub_clz.o(x$fpl$dsub)
    __aeabi_f2d                              0x00006439   Thumb Code     0  f2d.o(x$fpl$f2d)
    _f2d                                     0x00006439   Thumb Code    86  f2d.o(x$fpl$f2d)
    __fpl_fnaninf                            0x0000648f   Thumb Code   140  fnaninf.o(x$fpl$fnaninf)
    _fp_init                                 0x0000651b   Thumb Code    26  fpinit.o(x$fpl$fpinit)
    __fplib_config_fpu_vfp                   0x00006533   Thumb Code     0  fpinit.o(x$fpl$fpinit)
    __fplib_config_pureend_doubles           0x00006533   Thumb Code     0  fpinit.o(x$fpl$fpinit)
    __I$use$fp                               0x00006534   Number         0  usenofp.o(x$fpl$usenofp)
    pinCFG                                   0x00006534   Data          96  dio.o(.rodata.pinCFG)
    uxTopUsedPriority                        0x0000665c   Data           4  tasks.o(.rodata.uxTopUsedPriority)
    Region$$Table$$Base                      0x00006660   Number         0  anon$$obj.o(Region$$Table)
    Region$$Table$$Limit                     0x00006680   Number         0  anon$$obj.o(Region$$Table)
    Duty_Cycle                               0x20000000   Data           4  pwm.o(.data.Duty_Cycle)
    Load_Value                               0x20000004   Data           4  pwm.o(.data.Load_Value)
    SystemCoreClock                          0x20000008   Data           4  system_tm4c123.o(.data.SystemCoreClock)
    __libspace_start                         0x20000010   Data          96  libspace.o(.bss)
    LCDHandle                                0x20000070   Data           4  main.o(.bss.LCDHandle)
    __temporary_stack_top$libspace           0x20000070   Data           0  libspace.o(.bss)
    LDRHandle                                0x20000074   Data           4  main.o(.bss.LDRHandle)
    TSHandle                                 0x20000078   Data           4  main.o(.bss.TSHandle)
    direction                                0x2000007c   Data           1  motor.o(.bss.direction)
    pxCurrentTCB                             0x20000088   Data           4  tasks.o(.bss.pxCurrentTCB)
    xQueue1                                  0x20002204   Data           4  main.o(.bss.xQueue1)
    xQueue2                                  0x20002208   Data           4  main.o(.bss.xQueue2)
    xQueue3                                  0x2000220c   Data           4  main.o(.bss.xQueue3)
    xQueue4                                  0x20002210   Data           4  main.o(.bss.xQueue4)
    xQueue5                                  0x20002214   Data           4  main.o(.bss.xQueue5)
    xSemaphore                               0x2000221c   Data           4  main.o(.bss.xSemaphore)



==============================================================================

Memory Map of the image

  Image Entry point : 0x0000030d

  Load Region LR_1 (Base: 0x00000000, Size: 0x00006690, Max: 0xffffffff, ABSOLUTE)

    Execution Region ER_RO (Exec base: 0x00000000, Load base: 0x00000000, Size: 0x00006680, Max: 0xffffffff, ABSOLUTE)

    Exec Addr    Load Addr    Size         Type   Attr      Idx    E Section Name        Object

    0x00000000   0x00000000   0x0000026c   Data   RO          236    RESET               startup_tm4c123.o
    0x0000026c   0x0000026c   0x00000008   Code   RO          672  * !!!main             c_w.l(__main.o)
    0x00000274   0x00000274   0x00000034   Code   RO          876    !!!scatter          c_w.l(__scatter.o)
    0x000002a8   0x000002a8   0x0000001a   Code   RO          878    !!handler_copy      c_w.l(__scatter_copy.o)
    0x000002c2   0x000002c2   0x00000002   PAD
    0x000002c4   0x000002c4   0x0000001c   Code   RO          880    !!handler_zi        c_w.l(__scatter_zi.o)
    0x000002e0   0x000002e0   0x00000002   Code   RO          738    .ARM.Collect$$libinit$$00000000  c_w.l(libinit.o)
    0x000002e2   0x000002e2   0x00000004   Code   RO          744    .ARM.Collect$$libinit$$00000001  c_w.l(libinit2.o)
    0x000002e6   0x000002e6   0x00000000   Code   RO          747    .ARM.Collect$$libinit$$00000004  c_w.l(libinit2.o)
    0x000002e6   0x000002e6   0x00000000   Code   RO          749    .ARM.Collect$$libinit$$00000006  c_w.l(libinit2.o)
    0x000002e6   0x000002e6   0x00000000   Code   RO          752    .ARM.Collect$$libinit$$0000000C  c_w.l(libinit2.o)
    0x000002e6   0x000002e6   0x00000000   Code   RO          754    .ARM.Collect$$libinit$$0000000E  c_w.l(libinit2.o)
    0x000002e6   0x000002e6   0x00000000   Code   RO          756    .ARM.Collect$$libinit$$00000010  c_w.l(libinit2.o)
    0x000002e6   0x000002e6   0x00000000   Code   RO          759    .ARM.Collect$$libinit$$00000013  c_w.l(libinit2.o)
    0x000002e6   0x000002e6   0x00000000   Code   RO          761    .ARM.Collect$$libinit$$00000015  c_w.l(libinit2.o)
    0x000002e6   0x000002e6   0x00000000   Code   RO          763    .ARM.Collect$$libinit$$00000017  c_w.l(libinit2.o)
    0x000002e6   0x000002e6   0x00000000   Code   RO          765    .ARM.Collect$$libinit$$00000019  c_w.l(libinit2.o)
    0x000002e6   0x000002e6   0x00000000   Code   RO          767    .ARM.Collect$$libinit$$0000001B  c_w.l(libinit2.o)
    0x000002e6   0x000002e6   0x00000000   Code   RO          769    .ARM.Collect$$libinit$$0000001D  c_w.l(libinit2.o)
    0x000002e6   0x000002e6   0x00000000   Code   RO          771    .ARM.Collect$$libinit$$0000001F  c_w.l(libinit2.o)
    0x000002e6   0x000002e6   0x00000000   Code   RO          773    .ARM.Collect$$libinit$$00000021  c_w.l(libinit2.o)
    0x000002e6   0x000002e6   0x00000000   Code   RO          775    .ARM.Collect$$libinit$$00000023  c_w.l(libinit2.o)
    0x000002e6   0x000002e6   0x00000000   Code   RO          777    .ARM.Collect$$libinit$$00000025  c_w.l(libinit2.o)
    0x000002e6   0x000002e6   0x00000000   Code   RO          779    .ARM.Collect$$libinit$$00000027  c_w.l(libinit2.o)
    0x000002e6   0x000002e6   0x00000000   Code   RO          783    .ARM.Collect$$libinit$$0000002E  c_w.l(libinit2.o)
    0x000002e6   0x000002e6   0x00000000   Code   RO          785    .ARM.Collect$$libinit$$00000030  c_w.l(libinit2.o)
    0x000002e6   0x000002e6   0x00000000   Code   RO          787    .ARM.Collect$$libinit$$00000032  c_w.l(libinit2.o)
    0x000002e6   0x000002e6   0x00000000   Code   RO          789    .ARM.Collect$$libinit$$00000034  c_w.l(libinit2.o)
    0x000002e6   0x000002e6   0x00000002   Code   RO          790    .ARM.Collect$$libinit$$00000035  c_w.l(libinit2.o)
    0x000002e8   0x000002e8   0x00000002   Code   RO          812    .ARM.Collect$$libshutdown$$00000000  c_w.l(libshutdown.o)
    0x000002ea   0x000002ea   0x00000000   Code   RO          827    .ARM.Collect$$libshutdown$$00000002  c_w.l(libshutdown2.o)
    0x000002ea   0x000002ea   0x00000000   Code   RO          829    .ARM.Collect$$libshutdown$$00000004  c_w.l(libshutdown2.o)
    0x000002ea   0x000002ea   0x00000000   Code   RO          832    .ARM.Collect$$libshutdown$$00000007  c_w.l(libshutdown2.o)
    0x000002ea   0x000002ea   0x00000000   Code   RO          835    .ARM.Collect$$libshutdown$$0000000A  c_w.l(libshutdown2.o)
    0x000002ea   0x000002ea   0x00000000   Code   RO          837    .ARM.Collect$$libshutdown$$0000000C  c_w.l(libshutdown2.o)
    0x000002ea   0x000002ea   0x00000000   Code   RO          840    .ARM.Collect$$libshutdown$$0000000F  c_w.l(libshutdown2.o)
    0x000002ea   0x000002ea   0x00000002   Code   RO          841    .ARM.Collect$$libshutdown$$00000010  c_w.l(libshutdown2.o)
    0x000002ec   0x000002ec   0x00000000   Code   RO          702    .ARM.Collect$$rtentry$$00000000  c_w.l(__rtentry.o)
    0x000002ec   0x000002ec   0x00000000   Code   RO          715    .ARM.Collect$$rtentry$$00000002  c_w.l(__rtentry2.o)
    0x000002ec   0x000002ec   0x00000006   Code   RO          727    .ARM.Collect$$rtentry$$00000004  c_w.l(__rtentry4.o)
    0x000002f2   0x000002f2   0x00000000   Code   RO          717    .ARM.Collect$$rtentry$$00000009  c_w.l(__rtentry2.o)
    0x000002f2   0x000002f2   0x00000004   Code   RO          718    .ARM.Collect$$rtentry$$0000000A  c_w.l(__rtentry2.o)
    0x000002f6   0x000002f6   0x00000000   Code   RO          720    .ARM.Collect$$rtentry$$0000000C  c_w.l(__rtentry2.o)
    0x000002f6   0x000002f6   0x00000008   Code   RO          721    .ARM.Collect$$rtentry$$0000000D  c_w.l(__rtentry2.o)
    0x000002fe   0x000002fe   0x00000002   Code   RO          742    .ARM.Collect$$rtexit$$00000000  c_w.l(rtexit.o)
    0x00000300   0x00000300   0x00000000   Code   RO          792    .ARM.Collect$$rtexit$$00000002  c_w.l(rtexit2.o)
    0x00000300   0x00000300   0x00000004   Code   RO          793    .ARM.Collect$$rtexit$$00000003  c_w.l(rtexit2.o)
    0x00000304   0x00000304   0x00000006   Code   RO          794    .ARM.Collect$$rtexit$$00000004  c_w.l(rtexit2.o)
    0x0000030a   0x0000030a   0x00000002   PAD
    0x0000030c   0x0000030c   0x00000114   Code   RO          237  * .text               startup_tm4c123.o
    0x00000420   0x00000420   0x0000008a   Code   RO          664    .text               c_w.l(rt_memcpy_v6.o)
    0x000004aa   0x000004aa   0x00000010   Code   RO          666    .text               c_w.l(aeabi_memset4.o)
    0x000004ba   0x000004ba   0x00000044   Code   RO          668    .text               c_w.l(rt_memclr.o)
    0x000004fe   0x000004fe   0x00000006   Code   RO          670    .text               c_w.l(heapauxi.o)
    0x00000504   0x00000504   0x00000064   Code   RO          703    .text               c_w.l(rt_memcpy_w.o)
    0x00000568   0x00000568   0x0000004e   Code   RO          705    .text               c_w.l(rt_memclr_w.o)
    0x000005b6   0x000005b6   0x0000004a   Code   RO          729    .text               c_w.l(sys_stackheap_outer.o)
    0x00000600   0x00000600   0x00000012   Code   RO          731    .text               c_w.l(exit.o)
    0x00000612   0x00000612   0x00000002   PAD
    0x00000614   0x00000614   0x00000008   Code   RO          739    .text               c_w.l(libspace.o)
    0x0000061c   0x0000061c   0x0000000c   Code   RO          802    .text               c_w.l(sys_exit.o)
    0x00000628   0x00000628   0x00000002   Code   RO          817    .text               c_w.l(use_no_semi.o)
    0x0000062a   0x0000062a   0x00000000   Code   RO          819    .text               c_w.l(indicate_semi.o)
    0x0000062a   0x0000062a   0x00000002   PAD
    0x0000062c   0x0000062c   0x0000039c   Code   RO           23    .text.ADC_Init      adc.o
    0x000009c8   0x000009c8   0x00000096   Code   RO           27    .text.ADC_Init_TS   adc.o
    0x00000a5e   0x00000a5e   0x00000002   PAD
    0x00000a60   0x00000a60   0x000001b0   Code   RO           21    .text.ADC_Read      adc.o
    0x00000c10   0x00000c10   0x000000e0   Code   RO           29    .text.ADC_Read_TS   adc.o
    0x00000cf0   0x00000cf0   0x00000140   Code   RO           25    .text.ADC_sequencer_EN  adc.o
    0x00000e30   0x00000e30   0x00000500   Code   RO           49    .text.DIO_Init      dio.o
    0x00001330   0x00001330   0x000000e4   Code   RO           55    .text.DIO_ReadPin   dio.o
    0x00001414   0x00001414   0x000001ac   Code   RO           53    .text.DIO_WritePin  dio.o
    0x000015c0   0x000015c0   0x00000078   Code   RO           51    .text.DIO_WritePort  dio.o
    0x00001638   0x00001638   0x0000002e   Code   RO          131    .text.GET_Start_Button  pushbutton.o
    0x00001666   0x00001666   0x00000002   PAD
    0x00001668   0x00001668   0x0000000a   Code   RO           94    .text.LCD_Clear     lcd.o
    0x00001672   0x00001672   0x00000002   PAD
    0x00001674   0x00001674   0x0000004c   Code   RO           92    .text.LCD_Cmd       lcd.o
    0x000016c0   0x000016c0   0x00000038   Code   RO          106    .text.LCD_GoTo      lcd.o
    0x000016f8   0x000016f8   0x0000005e   Code   RO          102    .text.LCD_GoToString  lcd.o
    0x00001756   0x00001756   0x00000002   PAD
    0x00001758   0x00001758   0x0000004c   Code   RO           96    .text.LCD_Init      lcd.o
    0x000017a4   0x000017a4   0x00000146   Code   RO          226    .text.LCD_Print     swc4.o
    0x000018ea   0x000018ea   0x00000002   PAD
    0x000018ec   0x000018ec   0x00000056   Code   RO           98    .text.LCD_SendChar  lcd.o
    0x00001942   0x00001942   0x00000002   PAD
    0x00001944   0x00001944   0x0000002c   Code   RO          100    .text.LCD_SendString  lcd.o
    0x00001970   0x00001970   0x00000084   Code   RO          104    .text.LCD_Write_Int  lcd.o
    0x000019f4   0x000019f4   0x00000078   Code   RO          201    .text.LDR_Read      swc2.o
    0x00001a6c   0x00001a6c   0x00000168   Code   RO          214    .text.LDR_Update    swc3.o
    0x00001bd4   0x00001bd4   0x00000010   Code   RO          163    .text.LdrLeft_Init  sensor.o
    0x00001be4   0x00001be4   0x0000000e   Code   RO          167    .text.LdrLeft_Read  sensor.o
    0x00001bf2   0x00001bf2   0x00000002   PAD
    0x00001bf4   0x00001bf4   0x00000010   Code   RO          161    .text.LdrRight_Init  sensor.o
    0x00001c04   0x00001c04   0x0000000e   Code   RO          165    .text.LdrRight_Read  sensor.o
    0x00001c12   0x00001c12   0x00000002   PAD
    0x00001c14   0x00001c14   0x0000002c   Code   RO          187    .text.ModulesInit   swc1.o
    0x00001c40   0x00001c40   0x00000012   Code   RO          115    .text.Motors_Init   motor.o
    0x00001c52   0x00001c52   0x00000002   PAD
    0x00001c54   0x00001c54   0x0000000c   Code   RO          119    .text.Motors_get_direction  motor.o
    0x00001c60   0x00001c60   0x0000018c   Code   RO          117    .text.Motors_set_direction  motor.o
    0x00001dec   0x00001dec   0x00000138   Code   RO          142    .text.PWM_INIT      pwm.o
    0x00001f24   0x00001f24   0x0000005e   Code   RO          144    .text.PWM_set_DC    pwm.o
    0x00001f82   0x00001f82   0x0000000e   PAD
    0x00001f90   0x00001f90   0x00000064   Code   RO          296    .text.PendSV_Handler  port.o
    0x00001ff4   0x00001ff4   0x00000008   Code   RO          129    .text.PushButton_INIT  pushbutton.o
    0x00001ffc   0x00001ffc   0x00000004   PAD
    0x00002000   0x00002000   0x00000024   Code   RO          280    .text.SVC_Handler   port.o
    0x00002024   0x00002024   0x0000008e   Code   RO          189    .text.SwitchCheck   swc1.o
    0x000020b2   0x000020b2   0x00000002   PAD
    0x000020b4   0x000020b4   0x0000003c   Code   RO          298    .text.SysTick_Handler  port.o
    0x000020f0   0x000020f0   0x0000010c   Code   RO          248    .text.SystemInit    system_tm4c123.o
    0x000021fc   0x000021fc   0x0000000c   Code   RO          157    .text.TS_Init       sensor.o
    0x00002208   0x00002208   0x00000016   Code   RO          159    .text.TS_Read       sensor.o
    0x0000221e   0x0000221e   0x00000002   PAD
    0x00002220   0x00002220   0x00000036   Code   RO          216    .text.TS_Update     swc3.o
    0x00002256   0x00002256   0x00000002   PAD
    0x00002258   0x00002258   0x00000078   Code   RO          203    .text.TempSensor_Read  swc2.o
    0x000022d0   0x000022d0   0x0000005e   Code   RO          199    .text.Ultrasonic_Read  swc2.o
    0x0000232e   0x0000232e   0x00000002   PAD
    0x00002330   0x00002330   0x00000170   Code   RO          212    .text.Ultrasonic_Update  swc3.o
    0x000024a0   0x000024a0   0x0000003e   Code   RO           38    .text.delay_ms      delay.o
    0x000024de   0x000024de   0x00000002   PAD
    0x000024e0   0x000024e0   0x0000003a   Code   RO           40    .text.delay_us      delay.o
    0x0000251a   0x0000251a   0x00000002   PAD
    0x0000251c   0x0000251c   0x00000080   Code   RO          516    .text.eTaskConfirmSleepModeStatus  tasks.o
    0x0000259c   0x0000259c   0x00000010   Code   RO           75    .text.gptm_deinit   gptm.o
    0x000025ac   0x000025ac   0x00000010   Code   RO           83    .text.gptm_enable   gptm.o
    0x000025bc   0x000025bc   0x00000012   Code   RO           81    .text.gptm_get_value  gptm.o
    0x000025ce   0x000025ce   0x00000002   PAD
    0x000025d0   0x000025d0   0x0000004a   Code   RO           73    .text.gptm_init     gptm.o
    0x0000261a   0x0000261a   0x00000002   PAD
    0x0000261c   0x0000261c   0x00000020   Code   RO           79    .text.gptm_set_value_ticks  gptm.o
    0x0000263c   0x0000263c   0x000001f4   Code   RO            2    .text.main          main.o
    0x00002830   0x00002830   0x00000122   Code   RO          438    .text.prvAddCurrentTaskToDelayedList  tasks.o
    0x00002952   0x00002952   0x00000002   PAD
    0x00002954   0x00002954   0x00000154   Code   RO          426    .text.prvAddNewTaskToReadyList  tasks.o
    0x00002aa8   0x00002aa8   0x0000006a   Code   RO          592    .text.prvCheckForValidListAndQueue  timers.o
    0x00002b12   0x00002b12   0x00000002   PAD
    0x00002b14   0x00002b14   0x0000005a   Code   RO          556    .text.prvCheckTasksWaitingTermination  tasks.o
    0x00002b6e   0x00002b6e   0x00000002   PAD
    0x00002b70   0x00002b70   0x00000042   Code   RO          373    .text.prvCopyDataFromQueue  queue.o
    0x00002bb2   0x00002bb2   0x00000002   PAD
    0x00002bb4   0x00002bb4   0x000000cc   Code   RO          359    .text.prvCopyDataToQueue  queue.o
    0x00002c80   0x00002c80   0x00000018   Code   RO          432    .text.prvDeleteTCB  tasks.o
    0x00002c98   0x00002c98   0x00000026   Code   RO          377    .text.prvGetDisinheritPriorityAfterTimeout  queue.o
    0x00002cbe   0x00002cbe   0x00000002   PAD
    0x00002cc0   0x00002cc0   0x0000007c   Code   RO          558    .text.prvGetExpectedIdleTime  tasks.o
    0x00002d3c   0x00002d3c   0x00000040   Code   RO          630    .text.prvGetNextExpireTime  timers.o
    0x00002d7c   0x00002d7c   0x0000009a   Code   RO          464    .text.prvIdleTask   tasks.o
    0x00002e16   0x00002e16   0x00000002   PAD
    0x00002e18   0x00002e18   0x0000004e   Code   RO          339    .text.prvInitialiseNewQueue  queue.o
    0x00002e66   0x00002e66   0x00000002   PAD
    0x00002e68   0x00002e68   0x00000124   Code   RO          424    .text.prvInitialiseNewTask  tasks.o
    0x00002f8c   0x00002f8c   0x0000008e   Code   RO          554    .text.prvInitialiseTaskLists  tasks.o
    0x0000301a   0x0000301a   0x00000002   PAD
    0x0000301c   0x0000301c   0x00000086   Code   RO          644    .text.prvInsertTimerInActiveList  timers.o
    0x000030a2   0x000030a2   0x00000002   PAD
    0x000030a4   0x000030a4   0x00000028   Code   RO          375    .text.prvIsQueueEmpty  queue.o
    0x000030cc   0x000030cc   0x0000002e   Code   RO          363    .text.prvIsQueueFull  queue.o
    0x000030fa   0x000030fa   0x00000002   PAD
    0x000030fc   0x000030fc   0x000000ec   Code   RO          361    .text.prvNotifyQueueSetContainer  queue.o
    0x000031e8   0x000031e8   0x00000028   Code   RO          288    .text.prvPortStartFirstTask  port.o
    0x00003210   0x00003210   0x00000054   Code   RO          638    .text.prvProcessExpiredTimer  timers.o
    0x00003264   0x00003264   0x00000180   Code   RO          634    .text.prvProcessReceivedCommands  timers.o
    0x000033e4   0x000033e4   0x0000009a   Code   RO          632    .text.prvProcessTimerOrBlockTask  timers.o
    0x0000347e   0x0000347e   0x00000002   PAD
    0x00003480   0x00003480   0x00000034   Code   RO          642    .text.prvReloadTimer  timers.o
    0x000034b4   0x000034b4   0x0000003c   Code   RO          430    .text.prvResetNextTaskUnblockTime  tasks.o
    0x000034f0   0x000034f0   0x00000044   Code   RO          636    .text.prvSampleTimeNow  timers.o
    0x00003534   0x00003534   0x00000052   Code   RO          640    .text.prvSwitchTimerLists  timers.o
    0x00003586   0x00003586   0x00000002   PAD
    0x00003588   0x00003588   0x0000004c   Code   RO          278    .text.prvTaskExitError  port.o
    0x000035d4   0x000035d4   0x0000006a   Code   RO          458    .text.prvTaskIsTaskSuspended  tasks.o
    0x0000363e   0x0000363e   0x00000002   PAD
    0x00003640   0x00003640   0x0000001e   Code   RO          594    .text.prvTimerTask  timers.o
    0x0000365e   0x0000365e   0x00000002   PAD
    0x00003660   0x00003660   0x000000cc   Code   RO          365    .text.prvUnlockQueue  queue.o
    0x0000372c   0x0000372c   0x000000c0   Code   RO          317    .text.pvPortMalloc  heap_1.o
    0x000037ec   0x000037ec   0x0000002c   Code   RO          538    .text.pvTaskIncrementMutexHeldCount  tasks.o
    0x00003818   0x00003818   0x0000005e   Code   RO          276    .text.pxPortInitialiseStack  port.o
    0x00003876   0x00003876   0x00000002   PAD
    0x00003878   0x00003878   0x00000118   Code   RO          178    .text.ultarsonic_get_value  ultrasonic.o
    0x00003990   0x00003990   0x00000016   Code   RO          176    .text.ultarsonic_init  ultrasonic.o
    0x000039a6   0x000039a6   0x00000002   PAD
    0x000039a8   0x000039a8   0x00000048   Code   RO          267    .text.uxListRemove  list.o
    0x000039f0   0x000039f0   0x0000000c   Code   RO          474    .text.uxTaskGetNumberOfTasks  tasks.o
    0x000039fc   0x000039fc   0x0000002e   Code   RO          259    .text.vListInitialise  list.o
    0x00003a2a   0x00003a2a   0x00000002   PAD
    0x00003a2c   0x00003a2c   0x0000000e   Code   RO          261    .text.vListInitialiseItem  list.o
    0x00003a3a   0x00003a3a   0x00000002   PAD
    0x00003a3c   0x00003a3c   0x0000006a   Code   RO          265    .text.vListInsert   list.o
    0x00003aa6   0x00003aa6   0x00000002   PAD
    0x00003aa8   0x00003aa8   0x0000003a   Code   RO          263    .text.vListInsertEnd  list.o
    0x00003ae2   0x00003ae2   0x00000002   PAD
    0x00003ae4   0x00003ae4   0x00000014   Code   RO          286    .text.vPortEnableVFP  port.o
    0x00003af8   0x00003af8   0x00000056   Code   RO          292    .text.vPortEnterCritical  port.o
    0x00003b4e   0x00003b4e   0x00000002   PAD
    0x00003b50   0x00003b50   0x0000004a   Code   RO          294    .text.vPortExitCritical  port.o
    0x00003b9a   0x00003b9a   0x00000002   PAD
    0x00003b9c   0x00003b9c   0x00000024   Code   RO          319    .text.vPortFree     heap_1.o
    0x00003bc0   0x00003bc0   0x00000078   Code   RO          284    .text.vPortSetupTimerInterrupt  port.o
    0x00003c38   0x00003c38   0x00000220   Code   RO          300    .text.vPortSuppressTicksAndSleep  port.o
    0x00003e58   0x00003e58   0x00000064   Code   RO          403    .text.vQueueWaitForMessageRestricted  queue.o
    0x00003ebc   0x00003ebc   0x00000024   Code   RO          506    .text.vTaskInternalSetTimeOutState  tasks.o
    0x00003ee0   0x00003ee0   0x0000000e   Code   RO          510    .text.vTaskMissedYield  tasks.o
    0x00003eee   0x00003eee   0x00000002   PAD
    0x00003ef0   0x00003ef0   0x00000042   Code   RO          494    .text.vTaskPlaceOnEventList  tasks.o
    0x00003f32   0x00003f32   0x00000002   PAD
    0x00003f34   0x00003f34   0x0000007c   Code   RO          498    .text.vTaskPlaceOnEventListRestricted  tasks.o
    0x00003fb0   0x00003fb0   0x00000182   Code   RO          534    .text.vTaskPriorityDisinheritAfterTimeout  tasks.o
    0x00004132   0x00004132   0x00000002   PAD
    0x00004134   0x00004134   0x00000108   Code   RO          456    .text.vTaskResume   tasks.o
    0x0000423c   0x0000423c   0x000000b2   Code   RO          462    .text.vTaskStartScheduler  tasks.o
    0x000042ee   0x000042ee   0x00000002   PAD
    0x000042f0   0x000042f0   0x000000cc   Code   RO          488    .text.vTaskStepTick  tasks.o
    0x000043bc   0x000043bc   0x0000017a   Code   RO          452    .text.vTaskSuspend  tasks.o
    0x00004536   0x00004536   0x00000002   PAD
    0x00004538   0x00004538   0x00000010   Code   RO          436    .text.vTaskSuspendAll  tasks.o
    0x00004548   0x00004548   0x000000be   Code   RO          454    .text.vTaskSwitchContext  tasks.o
    0x00004606   0x00004606   0x00000002   PAD
    0x00004608   0x00004608   0x00000156   Code   RO          282    .text.xPortStartScheduler  port.o
    0x0000475e   0x0000475e   0x00000002   PAD
    0x00004760   0x00004760   0x0000009a   Code   RO          337    .text.xQueueGenericCreate  queue.o
    0x000047fa   0x000047fa   0x00000002   PAD
    0x000047fc   0x000047fc   0x00000108   Code   RO          335    .text.xQueueGenericReset  queue.o
    0x00004904   0x00004904   0x00000274   Code   RO          351    .text.xQueueGenericSend  queue.o
    0x00004b78   0x00004b78   0x000001dc   Code   RO          371    .text.xQueueReceive  queue.o
    0x00004d54   0x00004d54   0x00000210   Code   RO          355    .text.xQueueSemaphoreTake  queue.o
    0x00004f64   0x00004f64   0x000000fc   Code   RO          508    .text.xTaskCheckForTimeOut  tasks.o
    0x00005060   0x00005060   0x000000a0   Code   RO          422    .text.xTaskCreate   tasks.o
    0x00005100   0x00005100   0x00000116   Code   RO          434    .text.xTaskDelayUntil  tasks.o
    0x00005216   0x00005216   0x00000002   PAD
    0x00005218   0x00005218   0x00000038   Code   RO          528    .text.xTaskGetSchedulerState  tasks.o
    0x00005250   0x00005250   0x00000014   Code   RO          470    .text.xTaskGetTickCount  tasks.o
    0x00005264   0x00005264   0x00000260   Code   RO          468    .text.xTaskIncrementTick  tasks.o
    0x000054c4   0x000054c4   0x00000138   Code   RO          532    .text.xTaskPriorityDisinherit  tasks.o
    0x000055fc   0x000055fc   0x0000015c   Code   RO          530    .text.xTaskPriorityInherit  tasks.o
    0x00005758   0x00005758   0x00000192   Code   RO          500    .text.xTaskRemoveFromEventList  tasks.o
    0x000058ea   0x000058ea   0x00000002   PAD
    0x000058ec   0x000058ec   0x00000222   Code   RO          440    .text.xTaskResumeAll  tasks.o
    0x00005b0e   0x00005b0e   0x00000002   PAD
    0x00005b10   0x00005b10   0x0000006c   Code   RO          590    .text.xTimerCreateTimerTask  timers.o
    0x00005b7c   0x00005b7c   0x00000150   Code   RO          674    x$fpl$dadd          fz_wm.l(daddsub_clz.o)
    0x00005ccc   0x00005ccc   0x000002b4   Code   RO          681    x$fpl$ddiv          fz_wm.l(ddiv.o)
    0x00005f80   0x00005f80   0x0000005e   Code   RO          684    x$fpl$dfix          fz_wm.l(dfix.o)
    0x00005fde   0x00005fde   0x00000002   PAD
    0x00005fe0   0x00005fe0   0x0000005a   Code   RO          688    x$fpl$dfixu         fz_wm.l(dfixu.o)
    0x0000603a   0x0000603a   0x00000026   Code   RO          692    x$fpl$dfltu         fz_wm.l(dflt_clz.o)
    0x00006060   0x00006060   0x00000154   Code   RO          698    x$fpl$dmul          fz_wm.l(dmul.o)
    0x000061b4   0x000061b4   0x0000009c   Code   RO          707    x$fpl$dnaninf       fz_wm.l(dnaninf.o)
    0x00006250   0x00006250   0x0000000c   Code   RO          709    x$fpl$dretinf       fz_wm.l(dretinf.o)
    0x0000625c   0x0000625c   0x000001dc   Code   RO          676    x$fpl$dsub          fz_wm.l(daddsub_clz.o)
    0x00006438   0x00006438   0x00000056   Code   RO          700    x$fpl$f2d           fz_wm.l(f2d.o)
    0x0000648e   0x0000648e   0x0000008c   Code   RO          711    x$fpl$fnaninf       fz_wm.l(fnaninf.o)
    0x0000651a   0x0000651a   0x0000001a   Code   RO          800    x$fpl$fpinit        fz_wm.l(fpinit.o)
    0x00006534   0x00006534   0x00000000   Code   RO          713    x$fpl$usenofp       fz_wm.l(usenofp.o)
    0x00006534   0x00006534   0x00000060   Data   RO           65    .rodata.pinCFG      dio.o
    0x00006594   0x00006594   0x00000072   Data   RO           10    .rodata.str1.1      main.o
    0x00006606   0x00006606   0x00000018   Data   RO          191    .rodata.str1.1      swc1.o
    0x0000661e   0x0000661e   0x00000010   Data   RO          218    .rodata.str1.1      swc3.o
    0x0000662e   0x0000662e   0x0000001f   Data   RO          228    .rodata.str1.1      swc4.o
    0x0000664d   0x0000664d   0x00000005   Data   RO          576    .rodata.str1.1      tasks.o
    0x00006652   0x00006652   0x00000008   Data   RO          647    .rodata.str1.1      timers.o
    0x0000665a   0x0000665a   0x00000002   PAD
    0x0000665c   0x0000665c   0x00000004   Data   RO          561    .rodata.uxTopUsedPriority  tasks.o
    0x00006660   0x00006660   0x00000020   Data   RO          875    Region$$Table       anon$$obj.o


    Execution Region ER_RW (Exec base: 0x20000000, Load base: 0x00006680, Size: 0x00000010, Max: 0xffffffff, ABSOLUTE)

    Exec Addr    Load Addr    Size         Type   Attr      Idx    E Section Name        Object

    0x20000000   0x00006680   0x00000004   Data   RW          149    .data.Duty_Cycle    pwm.o
    0x20000004   0x00006684   0x00000004   Data   RW          148    .data.Load_Value    pwm.o
    0x20000008   0x00006688   0x00000004   Data   RW          250    .data.SystemCoreClock  system_tm4c123.o
    0x2000000c   0x0000668c   0x00000004   Data   RW          306    .data.uxCriticalNesting  port.o


    Execution Region ER_ZI (Exec base: 0x20000010, Load base: 0x00006690, Size: 0x00002448, Max: 0xffffffff, ABSOLUTE)

    Exec Addr    Load Addr    Size         Type   Attr      Idx    E Section Name        Object

    0x20000010        -       0x00000060   Zero   RW          740    .bss                c_w.l(libspace.o)
    0x20000070        -       0x00000004   Zero   RW           13    .bss.LCDHandle      main.o
    0x20000074        -       0x00000004   Zero   RW           11    .bss.LDRHandle      main.o
    0x20000078        -       0x00000004   Zero   RW           12    .bss.TSHandle       main.o
    0x2000007c        -       0x00000001   Zero   RW          121    .bss.direction      motor.o
    0x2000007d   0x00006690   0x00000003   PAD
    0x20000080        -       0x00000004   Zero   RW          651    .bss.prvSampleTimeNow.xLastTime  timers.o
    0x20000084        -       0x00000004   Zero   RW          325    .bss.pvPortMalloc.pucAlignedHeap  heap_1.o
    0x20000088        -       0x00000004   Zero   RW          560    .bss.pxCurrentTCB   tasks.o
    0x2000008c        -       0x00000004   Zero   RW          649    .bss.pxCurrentTimerList  timers.o
    0x20000090        -       0x00000004   Zero   RW          571    .bss.pxDelayedTaskList  tasks.o
    0x20000094        -       0x00000004   Zero   RW          572    .bss.pxOverflowDelayedTaskList  tasks.o
    0x20000098        -       0x00000004   Zero   RW          650    .bss.pxOverflowTimerList  timers.o
    0x2000009c        -       0x000000c8   Zero   RW          562    .bss.pxReadyTasksLists  tasks.o
    0x20000164        -       0x00002000   Zero   RW          326    .bss.ucHeap         heap_1.o
    0x20002164        -       0x00000001   Zero   RW          304    .bss.ucMaxSysCallPriority  port.o
    0x20002165   0x00006690   0x00000003   PAD
    0x20002168        -       0x00000004   Zero   RW          305    .bss.ulMaxPRIGROUPValue  port.o
    0x2000216c        -       0x00000004   Zero   RW          309    .bss.ulStoppedTimerCompensation  port.o
    0x20002170        -       0x00000004   Zero   RW          308    .bss.ulTimerCountsForOneTick  port.o
    0x20002174        -       0x00000004   Zero   RW          567    .bss.uxCurrentNumberOfTasks  tasks.o
    0x20002178        -       0x00000004   Zero   RW          566    .bss.uxDeletedTasksWaitingCleanUp  tasks.o
    0x2000217c        -       0x00000004   Zero   RW          569    .bss.uxSchedulerSuspended  tasks.o
    0x20002180        -       0x00000004   Zero   RW          564    .bss.uxTaskNumber   tasks.o
    0x20002184        -       0x00000004   Zero   RW          563    .bss.uxTopReadyPriority  tasks.o
    0x20002188        -       0x00000014   Zero   RW          652    .bss.xActiveTimerList1  timers.o
    0x2000219c        -       0x00000014   Zero   RW          653    .bss.xActiveTimerList2  timers.o
    0x200021b0        -       0x00000014   Zero   RW          581    .bss.xDelayedTaskList1  tasks.o
    0x200021c4        -       0x00000014   Zero   RW          582    .bss.xDelayedTaskList2  tasks.o
    0x200021d8        -       0x00000004   Zero   RW          577    .bss.xIdleTaskHandle  tasks.o
    0x200021dc        -       0x00000004   Zero   RW          307    .bss.xMaximumPossibleSuppressedTicks  port.o
    0x200021e0        -       0x00000004   Zero   RW          327    .bss.xNextFreeByte  heap_1.o
    0x200021e4        -       0x00000004   Zero   RW          578    .bss.xNextTaskUnblockTime  tasks.o
    0x200021e8        -       0x00000004   Zero   RW          580    .bss.xNumOfOverflows  tasks.o
    0x200021ec        -       0x00000004   Zero   RW          579    .bss.xPendedTicks   tasks.o
    0x200021f0        -       0x00000014   Zero   RW          575    .bss.xPendingReadyList  tasks.o
    0x20002204        -       0x00000004   Zero   RW            4    .bss.xQueue1        main.o
    0x20002208        -       0x00000004   Zero   RW            5    .bss.xQueue2        main.o
    0x2000220c        -       0x00000004   Zero   RW            6    .bss.xQueue3        main.o
    0x20002210        -       0x00000004   Zero   RW            7    .bss.xQueue4        main.o
    0x20002214        -       0x00000004   Zero   RW            8    .bss.xQueue5        main.o
    0x20002218        -       0x00000004   Zero   RW          568    .bss.xSchedulerRunning  tasks.o
    0x2000221c        -       0x00000004   Zero   RW            9    .bss.xSemaphore     main.o
    0x20002220        -       0x00000014   Zero   RW          573    .bss.xSuspendedTaskList  tasks.o
    0x20002234        -       0x00000014   Zero   RW          565    .bss.xTasksWaitingTermination  tasks.o
    0x20002248        -       0x00000004   Zero   RW          570    .bss.xTickCount     tasks.o
    0x2000224c        -       0x00000004   Zero   RW          646    .bss.xTimerQueue    timers.o
    0x20002250        -       0x00000004   Zero   RW          648    .bss.xTimerTaskHandle  timers.o
    0x20002254        -       0x00000004   Zero   RW          574    .bss.xYieldPending  tasks.o
    0x20002258        -       0x00000000   Zero   RW          235    HEAP                startup_tm4c123.o
    0x20002258        -       0x00000200   Zero   RW          234    STACK               startup_tm4c123.o


==============================================================================

Image component sizes


      Code (inc. data)   RO Data    RW Data    ZI Data      Debug   Object Name

      2050         56          0          0          0       2635   adc.o
       120          0          0          0          0        668   delay.o
      2056         30         96          0          0       4329   dio.o
       156          0          0          0          0       1311   gptm.o
       228          0          0          0       8200       1736   heap_1.o
       574          0          0          0          0       1926   lcd.o
       296          0          0          0          0       2327   list.o
       500          0        114          0         36       1571   main.o
       426          6          0          0          1       1140   motor.o
      1592         16          0          4         17       4943   port.o
        54          0          0          0          0       1935   pushbutton.o
       406          0          0          8          0       1063   pwm.o
      3062          0          0          0          0      16950   queue.o
        94          0          0          0          0       1393   sensor.o
       276         24        620          0        512       5476   startup_tm4c123.o
       186          0         24          0          0       1250   swc1.o
       334          0          0          0          0       1651   swc2.o
       782          0         16          0          0       2255   swc3.o
       326          0         31          0          0       1352   swc4.o
       268          0          0          4          0       6739   system_tm4c123.o
      6644          0          9          0        360      27276   tasks.o
      1266         10          8          0         60       9595   timers.o
       302         16          0          0          0       1108   ultrasonic.o

    ----------------------------------------------------------------------
     22116        158        952         16       9192     100629   Object Totals
         0          0         32          0          0          0   (incl. Generated)
       118          0          2          0          6          0   (incl. Padding)

    ----------------------------------------------------------------------

      Code (inc. data)   RO Data    RW Data    ZI Data      Debug   Library Member Name

         8          0          0          0          0         68   __main.o
         0          0          0          0          0          0   __rtentry.o
        12          0          0          0          0          0   __rtentry2.o
         6          0          0          0          0          0   __rtentry4.o
        52          8          0          0          0          0   __scatter.o
        26          0          0          0          0          0   __scatter_copy.o
        28          0          0          0          0          0   __scatter_zi.o
        16          0          0          0          0         68   aeabi_memset4.o
        18          0          0          0          0         80   exit.o
         6          0          0          0          0        152   heapauxi.o
         0          0          0          0          0          0   indicate_semi.o
         2          0          0          0          0          0   libinit.o
         6          0          0          0          0          0   libinit2.o
         2          0          0          0          0          0   libshutdown.o
         2          0          0          0          0          0   libshutdown2.o
         8          4          0          0         96         68   libspace.o
        68          0          0          0          0         68   rt_memclr.o
        78          0          0          0          0         80   rt_memclr_w.o
       138          0          0          0          0         68   rt_memcpy_v6.o
       100          0          0          0          0         80   rt_memcpy_w.o
         2          0          0          0          0          0   rtexit.o
        10          0          0          0          0          0   rtexit2.o
        12          4          0          0          0         68   sys_exit.o
        74          0          0          0          0         80   sys_stackheap_outer.o
         2          0          0          0          0         68   use_no_semi.o
       812         16          0          0          0        392   daddsub_clz.o
       692        140          0          0          0        264   ddiv.o
        94          4          0          0          0        140   dfix.o
        90          4          0          0          0        140   dfixu.o
        38          0          0          0          0        116   dflt_clz.o
       340         12          0          0          0        152   dmul.o
       156          4          0          0          0        140   dnaninf.o
        12          0          0          0          0        116   dretinf.o
        86          4          0          0          0        132   f2d.o
       140          4          0          0          0        132   fnaninf.o
        26          0          0          0          0        116   fpinit.o
         0          0          0          0          0          0   usenofp.o

    ----------------------------------------------------------------------
      3172        204          0          0         96       2788   Library Totals
        10          0          0          0          0          0   (incl. Padding)

    ----------------------------------------------------------------------

      Code (inc. data)   RO Data    RW Data    ZI Data      Debug   Library Name

       676         16          0          0         96        948   c_w.l
      2486        188          0          0          0       1840   fz_wm.l

    ----------------------------------------------------------------------
      3172        204          0          0         96       2788   Library Totals

    ----------------------------------------------------------------------

==============================================================================


      Code (inc. data)   RO Data    RW Data    ZI Data      Debug   

     25288        362        952         16       9288     101481   Grand Totals
     25288        362        952         16       9288     101481   ELF Image Totals
     25288        362        952         16          0          0   ROM Totals

==============================================================================

    Total RO  Size (Code + RO Data)                26240 (  25.62kB)
    Total RW  Size (RW Data + ZI Data)              9304 (   9.09kB)
    Total ROM Size (Code + RO Data + RW Data)      26256 (  25.64kB)

==============================================================================

